Component: ARM Compiler 5.06 update 5 (build 528) Tool: armlink [4d35e2]

==============================================================================

Section Cross References

    startup_stm32f103xb.o(STACK) refers (Special) to heapauxi.o(.text) for __use_two_region_memory
    startup_stm32f103xb.o(HEAP) refers (Special) to heapauxi.o(.text) for __use_two_region_memory
    startup_stm32f103xb.o(RESET) refers (Special) to heapauxi.o(.text) for __use_two_region_memory
    startup_stm32f103xb.o(RESET) refers to startup_stm32f103xb.o(STACK) for __initial_sp
    startup_stm32f103xb.o(RESET) refers to startup_stm32f103xb.o(.text) for Reset_Handler
    startup_stm32f103xb.o(RESET) refers to stm32f1xx_it.o(i.NMI_Handler) for NMI_Handler
    startup_stm32f103xb.o(RESET) refers to stm32f1xx_it.o(i.HardFault_Handler) for HardFault_Handler
    startup_stm32f103xb.o(RESET) refers to stm32f1xx_it.o(i.MemManage_Handler) for MemManage_Handler
    startup_stm32f103xb.o(RESET) refers to stm32f1xx_it.o(i.BusFault_Handler) for BusFault_Handler
    startup_stm32f103xb.o(RESET) refers to stm32f1xx_it.o(i.UsageFault_Handler) for UsageFault_Handler
    startup_stm32f103xb.o(RESET) refers to stm32f1xx_it.o(i.SVC_Handler) for SVC_Handler
    startup_stm32f103xb.o(RESET) refers to stm32f1xx_it.o(i.DebugMon_Handler) for DebugMon_Handler
    startup_stm32f103xb.o(RESET) refers to stm32f1xx_it.o(i.PendSV_Handler) for PendSV_Handler
    startup_stm32f103xb.o(RESET) refers to stm32f1xx_it.o(i.SysTick_Handler) for SysTick_Handler
    startup_stm32f103xb.o(.text) refers (Special) to heapauxi.o(.text) for __use_two_region_memory
    startup_stm32f103xb.o(.text) refers to system_stm32f1xx.o(i.SystemInit) for SystemInit
    startup_stm32f103xb.o(.text) refers to __main.o(!!!main) for __main
    startup_stm32f103xb.o(.text) refers to startup_stm32f103xb.o(HEAP) for Heap_Mem
    startup_stm32f103xb.o(.text) refers to startup_stm32f103xb.o(STACK) for Stack_Mem
    main.o(i.SystemClock_Config) refers to rt_memclr_w.o(.text) for __aeabi_memclr4
    main.o(i.SystemClock_Config) refers to stm32f1xx_hal_rcc.o(i.HAL_RCC_OscConfig) for HAL_RCC_OscConfig
    main.o(i.SystemClock_Config) refers to main.o(i.Error_Handler) for Error_Handler
    main.o(i.SystemClock_Config) refers to stm32f1xx_hal_rcc.o(i.HAL_RCC_ClockConfig) for HAL_RCC_ClockConfig
    main.o(i.main) refers to _printf_percent.o(.ARM.Collect$$_printf_percent$$00000000) for _printf_percent
    main.o(i.main) refers to _printf_d.o(.ARM.Collect$$_printf_percent$$00000009) for _printf_d
    main.o(i.main) refers to _printf_dec.o(.text) for _printf_int_dec
    main.o(i.main) refers to stm32f1xx_hal.o(i.HAL_Init) for HAL_Init
    main.o(i.main) refers to main.o(i.SystemClock_Config) for SystemClock_Config
    main.o(i.main) refers to gpio.o(i.MX_GPIO_Init) for MX_GPIO_Init
    main.o(i.main) refers to usart.o(i.MX_USART1_UART_Init) for MX_USART1_UART_Init
    main.o(i.main) refers to bootloader.o(i.Bootloader_Init) for Bootloader_Init
    main.o(i.main) refers to bootloader_uart.o(i.Bootloader_UART_Init) for Bootloader_UART_Init
    main.o(i.main) refers to bootloader_uart.o(i.Bootloader_UART_SendString) for Bootloader_UART_SendString
    main.o(i.main) refers to bootloader.o(i.Bootloader_CheckUpdateFlag) for Bootloader_CheckUpdateFlag
    main.o(i.main) refers to bootloader.o(i.Bootloader_ClearUpdateFlag) for Bootloader_ClearUpdateFlag
    main.o(i.main) refers to bootloader.o(i.Bootloader_CheckAppValid) for Bootloader_CheckAppValid
    main.o(i.main) refers to stm32f1xx_hal.o(i.HAL_GetTick) for HAL_GetTick
    main.o(i.main) refers to stm32f1xx_hal_uart.o(i.HAL_UART_Receive) for HAL_UART_Receive
    main.o(i.main) refers to stm32f1xx_hal.o(i.HAL_Delay) for HAL_Delay
    main.o(i.main) refers to bootloader.o(i.Bootloader_IsAppVersionValid) for Bootloader_IsAppVersionValid
    main.o(i.main) refers to bootloader.o(i.Bootloader_ReadAppVersion) for Bootloader_ReadAppVersion
    main.o(i.main) refers to noretval__2snprintf.o(.text) for __2snprintf
    main.o(i.main) refers to bootloader.o(i.Bootloader_JumpToApp) for Bootloader_JumpToApp
    main.o(i.main) refers to bootloader_uart.o(i.Bootloader_UART_Process) for Bootloader_UART_Process
    main.o(i.main) refers to usart.o(.bss) for huart1
    main.o(i.main) refers to main.o(.data) for enter_iap
    main.o(i.main) refers to main.o(.conststring) for .conststring
    usart.o(i.HAL_UART_MspDeInit) refers to stm32f1xx_hal_gpio.o(i.HAL_GPIO_DeInit) for HAL_GPIO_DeInit
    usart.o(i.HAL_UART_MspInit) refers to stm32f1xx_hal_gpio.o(i.HAL_GPIO_Init) for HAL_GPIO_Init
    usart.o(i.MX_USART1_UART_Init) refers to stm32f1xx_hal_uart.o(i.HAL_UART_Init) for HAL_UART_Init
    usart.o(i.MX_USART1_UART_Init) refers to main.o(i.Error_Handler) for Error_Handler
    usart.o(i.MX_USART1_UART_Init) refers to usart.o(.bss) for huart1
    stm32f1xx_it.o(i.SysTick_Handler) refers to stm32f1xx_hal.o(i.HAL_IncTick) for HAL_IncTick
[...]
    Removing stm32f1xx_hal_pwr.o(i.HAL_PWR_DisablePVD), (12 bytes).
    Removing stm32f1xx_hal_pwr.o(i.HAL_PWR_DisableSEVOnPend), (20 bytes).
    Removing stm32f1xx_hal_pwr.o(i.HAL_PWR_DisableSleepOnExit), (20 bytes).
    Removing stm32f1xx_hal_pwr.o(i.HAL_PWR_DisableWakeUpPin), (28 bytes).
    Removing stm32f1xx_hal_pwr.o(i.HAL_PWR_EnableBkUpAccess), (12 bytes).
    Removing stm32f1xx_hal_pwr.o(i.HAL_PWR_EnablePVD), (12 bytes).
    Removing stm32f1xx_hal_pwr.o(i.HAL_PWR_EnableSEVOnPend), (20 bytes).
    Removing stm32f1xx_hal_pwr.o(i.HAL_PWR_EnableSleepOnExit), (20 bytes).
    Removing stm32f1xx_hal_pwr.o(i.HAL_PWR_EnableWakeUpPin), (28 bytes).
    Removing stm32f1xx_hal_pwr.o(i.HAL_PWR_EnterSLEEPMode), (32 bytes).
    Removing stm32f1xx_hal_pwr.o(i.HAL_PWR_EnterSTANDBYMode), (40 bytes).
    Removing stm32f1xx_hal_pwr.o(i.HAL_PWR_EnterSTOPMode), (84 bytes).
    Removing stm32f1xx_hal_pwr.o(i.HAL_PWR_PVDCallback), (2 bytes).
    Removing stm32f1xx_hal_pwr.o(i.HAL_PWR_PVD_IRQHandler), (32 bytes).
    Removing stm32f1xx_hal_pwr.o(i.PWR_OverloadWfe), (6 bytes).
    Removing stm32f1xx_hal_flash.o(.rev16_text), (4 bytes).
    Removing stm32f1xx_hal_flash.o(.revsh_text), (4 bytes).
    Removing stm32f1xx_hal_flash.o(.rrx_text), (6 bytes).
    Removing stm32f1xx_hal_flash.o(i.HAL_FLASH_EndOfOperationCallback), (2 bytes).
    Removing stm32f1xx_hal_flash.o(i.HAL_FLASH_GetError), (12 bytes).
    Removing stm32f1xx_hal_flash.o(i.HAL_FLASH_IRQHandler), (376 bytes).
    Removing stm32f1xx_hal_flash.o(i.HAL_FLASH_OB_Launch), (8 bytes).
    Removing stm32f1xx_hal_flash.o(i.HAL_FLASH_OB_Lock), (20 bytes).
    Removing stm32f1xx_hal_flash.o(i.HAL_FLASH_OB_Unlock), (44 bytes).
    Removing stm32f1xx_hal_flash.o(i.HAL_FLASH_OperationErrorCallback), (2 bytes).
    Removing stm32f1xx_hal_flash.o(i.HAL_FLASH_Program_IT), (100 bytes).
    Removing stm32f1xx_hal_flash_ex.o(.rev16_text), (4 bytes).
    Removing stm32f1xx_hal_flash_ex.o(.revsh_text), (4 bytes).
    Removing stm32f1xx_hal_flash_ex.o(.rrx_text), (6 bytes).
    Removing stm32f1xx_hal_flash_ex.o(i.FLASH_OB_DisableWRP), (232 bytes).
    Removing stm32f1xx_hal_flash_ex.o(i.FLASH_OB_EnableWRP), (236 bytes).
    Removing stm32f1xx_hal_flash_ex.o(i.FLASH_OB_GetRDP), (28 bytes).
    Removing stm32f1xx_hal_flash_ex.o(i.FLASH_OB_GetUser), (16 bytes).
    Removing stm32f1xx_hal_flash_ex.o(i.FLASH_OB_GetWRP), (12 bytes).
    Removing stm32f1xx_hal_flash_ex.o(i.FLASH_OB_ProgramData), (76 bytes).
    Removing stm32f1xx_hal_flash_ex.o(i.FLASH_OB_RDP_LevelConfig), (124 bytes).
    Removing stm32f1xx_hal_flash_ex.o(i.FLASH_OB_UserConfig), (84 bytes).
    Removing stm32f1xx_hal_flash_ex.o(i.HAL_FLASHEx_Erase_IT), (80 bytes).
    Removing stm32f1xx_hal_flash_ex.o(i.HAL_FLASHEx_OBErase), (96 bytes).
    Removing stm32f1xx_hal_flash_ex.o(i.HAL_FLASHEx_OBGetConfig), (28 bytes).
    Removing stm32f1xx_hal_flash_ex.o(i.HAL_FLASHEx_OBGetUserData), (40 bytes).
    Removing stm32f1xx_hal_flash_ex.o(i.HAL_FLASHEx_OBProgram), (200 bytes).
    Removing stm32f1xx_hal_exti.o(.rev16_text), (4 bytes).
    Removing stm32f1xx_hal_exti.o(.revsh_text), (4 bytes).
    Removing stm32f1xx_hal_exti.o(.rrx_text), (6 bytes).
    Removing stm32f1xx_hal_exti.o(i.HAL_EXTI_ClearConfigLine), (120 bytes).
    Removing stm32f1xx_hal_exti.o(i.HAL_EXTI_ClearPending), (28 bytes).
    Removing stm32f1xx_hal_exti.o(i.HAL_EXTI_GenerateSWI), (24 bytes).
    Removing stm32f1xx_hal_exti.o(i.HAL_EXTI_GetConfigLine), (156 bytes).
    Removing stm32f1xx_hal_exti.o(i.HAL_EXTI_GetHandle), (14 bytes).
    Removing stm32f1xx_hal_exti.o(i.HAL_EXTI_GetPending), (36 bytes).
    Removing stm32f1xx_hal_exti.o(i.HAL_EXTI_IRQHandler), (44 bytes).
    Removing stm32f1xx_hal_exti.o(i.HAL_EXTI_RegisterCallback), (20 bytes).
    Removing stm32f1xx_hal_exti.o(i.HAL_EXTI_SetConfigLine), (240 bytes).
    Removing system_stm32f1xx.o(.rev16_text), (4 bytes).
    Removing system_stm32f1xx.o(.revsh_text), (4 bytes).
    Removing system_stm32f1xx.o(.rrx_text), (6 bytes).
    Removing system_stm32f1xx.o(i.SystemCoreClockUpdate), (164 bytes).
    Removing bootloader.o(.rev16_text), (4 bytes).
    Removing bootloader.o(.revsh_text), (4 bytes).
    Removing bootloader.o(.rrx_text), (6 bytes).
    Removing bootloader.o(i.Bootloader_DeInit), (22 bytes).
    Removing bootloader.o(i.Bootloader_EraseAppVersion), (44 bytes).
    Removing bootloader.o(i.Bootloader_GetStatusString), (144 bytes).
    Removing bootloader.o(i.Bootloader_ResetDevice), (68 bytes).
    Removing bootloader.o(i.FlashWriteWord), (20 bytes).
    Removing bootloader_uart.o(.rev16_text), (4 bytes).
    Removing bootloader_uart.o(.revsh_text), (4 bytes).
    Removing bootloader_uart.o(.rrx_text), (6 bytes).
    Removing mcu_api.o(.rev16_text), (4 bytes).
    Removing mcu_api.o(.revsh_text), (4 bytes).
    Removing mcu_api.o(.rrx_text), (6 bytes).
    Removing mcu_api.o(i.byte_to_int), (26 bytes).
    Removing mcu_api.o(i.hex_to_bcd), (108 bytes).
    Removing mcu_api.o(i.int_to_byte), (16 bytes).
    Removing mcu_api.o(i.mcu_dp_array_update), (92 bytes).
    Removing mcu_api.o(i.mcu_dp_bool_update), (100 bytes).
    Removing mcu_api.o(i.mcu_dp_enum_update), (88 bytes).
    Removing mcu_api.o(i.mcu_dp_fault_update), (200 bytes).
    Removing mcu_api.o(i.mcu_dp_raw_update), (116 bytes).
    Removing mcu_api.o(i.mcu_dp_string_update), (116 bytes).
    Removing mcu_api.o(i.mcu_dp_struct_update), (92 bytes).
    Removing mcu_api.o(i.mcu_dp_value_update), (120 bytes).
    Removing mcu_api.o(i.mcu_get_dp_download_bool), (6 bytes).
    Removing mcu_api.o(i.mcu_get_dp_download_enum), (6 bytes).
    Removing mcu_api.o(i.mcu_get_dp_download_value), (14 bytes).
    Removing mcu_api.o(i.mcu_get_reset_wifi_flag), (12 bytes).
    Removing mcu_api.o(i.mcu_get_wifi_work_state), (12 bytes).
    Removing mcu_api.o(i.mcu_get_wifimode_flag), (12 bytes).
    Removing mcu_api.o(i.mcu_reset_wifi), (24 bytes).
    Removing mcu_api.o(i.mcu_set_wifi_mode), (40 bytes).
    Removing mcu_api.o(i.mcu_start_wifitest), (14 bytes).
    Removing mcu_api.o(i.tuya_memcpy), (68 bytes).
    Removing mcu_api.o(i.tuya_memset), (34 bytes).
    Removing mcu_api.o(i.tuya_strcmp), (32 bytes).
    Removing mcu_api.o(i.tuya_strcpy), (34 bytes).
    Removing mcu_api.o(i.tuya_strlen), (28 bytes).
    Removing mcu_api.o(i.tuya_strncpy), (26 bytes).
    Removing mcu_api.o(i.uart_receive_buff_input), (28 bytes).
    Removing mcu_api.o(i.uart_receive_input), (88 bytes).
    Removing mcu_api.o(i.wifi_protocol_init), (44 bytes).
    Removing mcu_api.o(i.wifi_uart_service), (268 bytes).
    Removing mcu_api.o(.data), (2 bytes).
    Removing protocol.o(.rev16_text), (4 bytes).
    Removing protocol.o(.revsh_text), (4 bytes).
    Removing protocol.o(.rrx_text), (6 bytes).
    Removing protocol.o(i.all_data_update), (2 bytes).
    Removing protocol.o(i.dp_download_angle_handle), (40 bytes).
    Removing protocol.o(i.dp_download_handle), (38 bytes).
    Removing protocol.o(i.get_download_cmd_total), (4 bytes).
    Removing protocol.o(i.mcu_firm_update_handle), (38 bytes).
    Removing protocol.o(i.uart_transmit_output), (24 bytes).
    Removing protocol.o(i.upgrade_package_choose), (28 bytes).
    Removing protocol.o(i.wifi_test_result), (8 bytes).
    Removing protocol.o(.constdata), (4 bytes).
    Removing system.o(.rev16_text), (4 bytes).
    Removing system.o(.revsh_text), (4 bytes).
    Removing system.o(.rrx_text), (6 bytes).
    Removing system.o(i.data_handle), (580 bytes).
    Removing system.o(i.data_point_handle), (76 bytes).
    Removing system.o(i.get_check_sum), (28 bytes).
    Removing system.o(i.get_dowmload_dpid_index), (44 bytes).
    Removing system.o(i.get_mcu_wifi_mode), (16 bytes).
    Removing system.o(i.heat_beat_check), (56 bytes).
    Removing system.o(i.product_info_update), (224 bytes).
    Removing system.o(i.set_wifi_uart_buffer), (40 bytes).
    Removing system.o(i.set_wifi_uart_byte), (16 bytes).
    Removing system.o(i.take_byte_rxbuff), (60 bytes).
    Removing system.o(i.wifi_uart_write_data), (36 bytes).
    Removing system.o(i.wifi_uart_write_frame), (72 bytes).
    Removing system.o(i.with_data_rxbuff), (28 bytes).
    Removing system.o(.bss), (497 bytes).
    Removing system.o(.data), (21 bytes).

306 unused section(s) (total 18052 bytes) removed from the image.

==============================================================================

Image Symbol Table

    Local Symbols

    Symbol Name                              Value     Ov Type        Size  Object(Section)

    ../Core/Src/gpio.c                       0x00000000   Number         0  gpio.o ABSOLUTE
    ../Core/Src/main.c                       0x00000000   Number         0  main.o ABSOLUTE
    ../Core/Src/stm32f1xx_hal_msp.c          0x00000000   Number         0  stm32f1xx_hal_msp.o ABSOLUTE
    ../Core/Src/stm32f1xx_it.c               0x00000000   Number         0  stm32f1xx_it.o ABSOLUTE
    ../Core/Src/system_stm32f1xx.c           0x00000000   Number         0  system_stm32f1xx.o ABSOLUTE
    ../Core/Src/usart.c                      0x00000000   Number         0  usart.o ABSOLUTE
    ../Drivers/STM32F1xx_HAL_Driver/Src/stm32f1xx_hal.c 0x00000000   Number         0  stm32f1xx_hal.o ABSOLUTE
    ../Drivers/STM32F1xx_HAL_Driver/Src/stm32f1xx_hal_cortex.c 0x00000000   Number         0  stm32f1xx_hal_cortex.o ABSOLUTE
    ../Drivers/STM32F1xx_HAL_Driver/Src/stm32f1xx_hal_dma.c 0x00000000   Number         0  stm32f1xx_hal_dma.o ABSOLUTE
    ../Drivers/STM32F1xx_HAL_Driver/Src/stm32f1xx_hal_exti.c 0x00000000   Number         0  stm32f1xx_hal_exti.o ABSOLUTE
    ../Drivers/STM32F1xx_HAL_Driver/Src/stm32f1xx_hal_flash.c 0x00000000   Number         0  stm32f1xx_hal_flash.o ABSOLUTE
    ../Drivers/STM32F1xx_HAL_Driver/Src/stm32f1xx_hal_flash_ex.c 0x00000000   Number         0  stm32f1xx_hal_flash_ex.o ABSOLUTE
    ../Drivers/STM32F1xx_HAL_Driver/Src/stm32f1xx_hal_gpio.c 0x00000000   Number         0  stm32f1xx_hal_gpio.o ABSOLUTE
    ../Drivers/STM32F1xx_HAL_Driver/Src/stm32f1xx_hal_gpio_ex.c 0x00000000   Number         0  stm32f1xx_hal_gpio_ex.o ABSOLUTE
    ../Drivers/STM32F1xx_HAL_Driver/Src/stm32f1xx_hal_pwr.c 0x00000000   Number         0  stm32f1xx_hal_pwr.o ABSOLUTE
    ../Drivers/STM32F1xx_HAL_Driver/Src/stm32f1xx_hal_rcc.c 0x00000000   Number         0  stm32f1xx_hal_rcc.o ABSOLUTE
    ../Drivers/STM32F1xx_HAL_Driver/Src/stm32f1xx_hal_rcc_ex.c 0x00000000   Number         0  stm32f1xx_hal_rcc_ex.o ABSOLUTE
    ../Drivers/STM32F1xx_HAL_Driver/Src/stm32f1xx_hal_tim.c 0x00000000   Number         0  stm32f1xx_hal_tim.o ABSOLUTE
    ../Drivers/STM32F1xx_HAL_Driver/Src/stm32f1xx_hal_tim_ex.c 0x00000000   Number         0  stm32f1xx_hal_tim_ex.o ABSOLUTE
    ../Drivers/STM32F1xx_HAL_Driver/Src/stm32f1xx_hal_uart.c 0x00000000   Number         0  stm32f1xx_hal_uart.o ABSOLUTE
    ../clib/angel/boardlib.s                 0x00000000   Number         0  boardinit3.o ABSOLUTE
    ../clib/angel/boardlib.s                 0x00000000   Number         0  boardinit2.o ABSOLUTE
    ../clib/angel/boardlib.s                 0x00000000   Number         0  boardshut.o ABSOLUTE
    ../clib/angel/boardlib.s                 0x00000000   Number         0  boardinit1.o ABSOLUTE
    ../clib/angel/handlers.s                 0x00000000   Number         0  __scatter_zi.o ABSOLUTE
    ../clib/angel/handlers.s                 0x00000000   Number         0  __scatter_copy.o ABSOLUTE
    ../clib/angel/kernel.s                   0x00000000   Number         0  __rtentry2.o ABSOLUTE
    ../clib/angel/kernel.s                   0x00000000   Number         0  rtexit.o ABSOLUTE
    ../clib/angel/kernel.s                   0x00000000   Number         0  rtexit2.o ABSOLUTE
    ../clib/angel/kernel.s                   0x00000000   Number         0  __rtentry.o ABSOLUTE
    ../clib/angel/kernel.s                   0x00000000   Number         0  __rtentry4.o ABSOLUTE
    ../clib/angel/rt.s                       0x00000000   Number         0  rt_raise.o ABSOLUTE
    ../clib/angel/scatter.s                  0x00000000   Number         0  __scatter.o ABSOLUTE
    ../clib/angel/startup.s                  0x00000000   Number         0  __main.o ABSOLUTE
    ../clib/angel/sys.s                      0x00000000   Number         0  libspace.o ABSOLUTE
    ../clib/angel/sys.s                      0x00000000   Number         0  indicate_semi.o ABSOLUTE
    ../clib/angel/sys.s                      0x00000000   Number         0  use_no_semi.o ABSOLUTE
    ../clib/angel/sys.s                      0x00000000   Number         0  sys_stackheap_outer.o ABSOLUTE
    ../clib/angel/sysapp.c                   0x00000000   Number         0  sys_command.o ABSOLUTE
    ../clib/angel/sysapp.c                   0x00000000   Number         0  sys_exit.o ABSOLUTE
    ../clib/angel/sysapp.c                   0x00000000   Number         0  sys_wrch.o ABSOLUTE
    ../clib/armsys.c                         0x00000000   Number         0  argv_veneer.o ABSOLUTE
    ../clib/armsys.c                         0x00000000   Number         0  _get_argv_nomalloc.o ABSOLUTE
    ../clib/armsys.c                         0x00000000   Number         0  no_argv.o ABSOLUTE
    ../clib/armsys.c                         0x00000000   Number         0  argv_veneer.o ABSOLUTE
    ../clib/heapalloc.c                      0x00000000   Number         0  hrguard.o ABSOLUTE
    ../clib/heapaux.c                        0x00000000   Number         0  heapauxi.o ABSOLUTE
    ../clib/libinit.s                        0x00000000   Number         0  libinit.o ABSOLUTE
    ../clib/libinit.s                        0x00000000   Number         0  libshutdown2.o ABSOLUTE
    ../clib/libinit.s                        0x00000000   Number         0  libshutdown.o ABSOLUTE
    ../clib/libinit.s                        0x00000000   Number         0  libinit2.o ABSOLUTE
    ../clib/longlong.s                       0x00000000   Number         0  llushr.o ABSOLUTE
    ../clib/memcpset.s                       0x00000000   Number         0  rt_memcpy_v6.o ABSOLUTE
    ../clib/memcpset.s                       0x00000000   Number         0  rt_memcpy_w.o ABSOLUTE
    ../clib/memcpset.s                       0x00000000   Number         0  rt_memclr_w.o ABSOLUTE
    ../clib/printf.c                         0x00000000   Number         0  noretval__2snprintf.o ABSOLUTE
    ../clib/printf.c                         0x00000000   Number         0  __2snprintf.o ABSOLUTE
    ../clib/printf.c                         0x00000000   Number         0  __printf_flags.o ABSOLUTE
    ../clib/printf.c                         0x00000000   Number         0  __printf_flags_ss_wp.o ABSOLUTE
    ../clib/printf.c                         0x00000000   Number         0  __printf_ss_wp.o ABSOLUTE
    ../clib/printf.c                         0x00000000   Number         0  __printf_flags_wp.o ABSOLUTE
    ../clib/printf.c                         0x00000000   Number         0  __printf_wp.o ABSOLUTE
    ../clib/printf.c                         0x00000000   Number         0  __printf_nopercent.o ABSOLUTE
    ../clib/printf.c                         0x00000000   Number         0  __printf_flags_ss.o ABSOLUTE
    ../clib/printf.c                         0x00000000   Number         0  __printf_ss.o ABSOLUTE
    ../clib/printf.c                         0x00000000   Number         0  _printf_dec.o ABSOLUTE
    ../clib/printf.c                         0x00000000   Number         0  __printf.o ABSOLUTE
    ../clib/printf.c                         0x00000000   Number         0  _snputc.o ABSOLUTE
    ../clib/printf.c                         0x00000000   Number         0  _sputc.o ABSOLUTE
    ../clib/printf.c                         0x00000000   Number         0  _printf_char_common.o ABSOLUTE
    ../clib/printf.c                         0x00000000   Number         0  _printf_intcommon.o ABSOLUTE
    ../clib/printf_percent.s                 0x00000000   Number         0  _printf_d.o ABSOLUTE
    ../clib/printf_percent.s                 0x00000000   Number         0  _printf_percent.o ABSOLUTE
    ../clib/printf_percent.s                 0x00000000   Number         0  _printf_percent_end.o ABSOLUTE
    ../clib/signal.c                         0x00000000   Number         0  defsig_other.o ABSOLUTE
    ../clib/signal.c                         0x00000000   Number         0  defsig_segv_inner.o ABSOLUTE
    ../clib/signal.c                         0x00000000   Number         0  defsig_cppl_inner.o ABSOLUTE
    ../clib/signal.c                         0x00000000   Number         0  defsig_pvfn_inner.o ABSOLUTE
    ../clib/signal.c                         0x00000000   Number         0  defsig_stak_inner.o ABSOLUTE
    ../clib/signal.c                         0x00000000   Number         0  defsig_rtred_inner.o ABSOLUTE
    ../clib/signal.c                         0x00000000   Number         0  defsig_rtmem_inner.o ABSOLUTE
    ../clib/signal.c                         0x00000000   Number         0  defsig_fpe_inner.o ABSOLUTE
    ../clib/signal.c                         0x00000000   Number         0  defsig_abrt_inner.o ABSOLUTE
    ../clib/signal.c                         0x00000000   Number         0  __raise.o ABSOLUTE
    ../clib/signal.c                         0x00000000   Number         0  defsig_exit.o ABSOLUTE
    ../clib/signal.c                         0x00000000   Number         0  defsig_general.o ABSOLUTE
    ../clib/signal.c                         0x00000000   Number         0  defsig_rtmem_formal.o ABSOLUTE
    ../clib/signal.c                         0x00000000   Number         0  defsig_rtmem_outer.o ABSOLUTE
    ../clib/signal.s                         0x00000000   Number         0  defsig.o ABSOLUTE
    ../clib/stdlib.c                         0x00000000   Number         0  exit.o ABSOLUTE
    ../clib/string.c                         0x00000000   Number         0  strlen.o ABSOLUTE
    ../fplib/fpinit.s                        0x00000000   Number         0  fpinit.o ABSOLUTE
    ..\Core\Src\gpio.c                       0x00000000   Number         0  gpio.o ABSOLUTE
    ..\Core\Src\main.c                       0x00000000   Number         0  main.o ABSOLUTE
    ..\Core\Src\stm32f1xx_hal_msp.c          0x00000000   Number         0  stm32f1xx_hal_msp.o ABSOLUTE
    ..\Core\Src\stm32f1xx_it.c               0x00000000   Number         0  stm32f1xx_it.o ABSOLUTE
    ..\Core\Src\system_stm32f1xx.c           0x00000000   Number         0  system_stm32f1xx.o ABSOLUTE
    ..\Core\Src\usart.c                      0x00000000   Number         0  usart.o ABSOLUTE
    ..\Drivers\STM32F1xx_HAL_Driver\Src\stm32f1xx_hal.c 0x00000000   Number         0  stm32f1xx_hal.o ABSOLUTE
    ..\Drivers\STM32F1xx_HAL_Driver\Src\stm32f1xx_hal_cortex.c 0x00000000   Number         0  stm32f1xx_hal_cortex.o ABSOLUTE
    ..\Drivers\STM32F1xx_HAL_Driver\Src\stm32f1xx_hal_dma.c 0x00000000   Number         0  stm32f1xx_hal_dma.o ABSOLUTE
    ..\Drivers\STM32F1xx_HAL_Driver\Src\stm32f1xx_hal_exti.c 0x00000000   Number         0  stm32f1xx_hal_exti.o ABSOLUTE
    ..\Drivers\STM32F1xx_HAL_Driver\Src\stm32f1xx_hal_flash.c 0x00000000   Number         0  stm32f1xx_hal_flash.o ABSOLUTE
    ..\Drivers\STM32F1xx_HAL_Driver\Src\stm32f1xx_hal_flash_ex.c 0x00000000   Number         0  stm32f1xx_hal_flash_ex.o ABSOLUTE
    ..\Drivers\STM32F1xx_HAL_Driver\Src\stm32f1xx_hal_gpio.c 0x00000000   Number         0  stm32f1xx_hal_gpio.o ABSOLUTE
    ..\Drivers\STM32F1xx_HAL_Driver\Src\stm32f1xx_hal_gpio_ex.c 0x00000000   Number         0  stm32f1xx_hal_gpio_ex.o ABSOLUTE
    ..\Drivers\STM32F1xx_HAL_Driver\Src\stm32f1xx_hal_pwr.c 0x00000000   Number         0  stm32f1xx_hal_pwr.o ABSOLUTE
    ..\Drivers\STM32F1xx_HAL_Driver\Src\stm32f1xx_hal_rcc.c 0x00000000   Number         0  stm32f1xx_hal_rcc.o ABSOLUTE
    ..\Drivers\STM32F1xx_HAL_Driver\Src\stm32f1xx_hal_rcc_ex.c 0x00000000   Number         0  stm32f1xx_hal_rcc_ex.o ABSOLUTE
    ..\Drivers\STM32F1xx_HAL_Driver\Src\stm32f1xx_hal_tim.c 0x00000000   Number         0  stm32f1xx_hal_tim.o ABSOLUTE
    ..\Drivers\STM32F1xx_HAL_Driver\Src\stm32f1xx_hal_tim_ex.c 0x00000000   Number         0  stm32f1xx_hal_tim_ex.o ABSOLUTE
    ..\Drivers\STM32F1xx_HAL_Driver\Src\stm32f1xx_hal_uart.c 0x00000000   Number         0  stm32f1xx_hal_uart.o ABSOLUTE
    ..\WBR3_SDK\mcu_api.c                    0x00000000   Number         0  mcu_api.o ABSOLUTE
    ..\WBR3_SDK\protocol.c                   0x00000000   Number         0  protocol.o ABSOLUTE
    ..\WBR3_SDK\system.c                     0x00000000   Number         0  system.o ABSOLUTE
    ..\\WBR3_SDK\\mcu_api.c                  0x00000000   Number         0  mcu_api.o ABSOLUTE
    ..\\WBR3_SDK\\protocol.c                 0x00000000   Number         0  protocol.o ABSOLUTE
    ..\\WBR3_SDK\\system.c                   0x00000000   Number         0  system.o ABSOLUTE
    ..\\bootloader\\bootloader.c             0x00000000   Number         0  bootloader.o ABSOLUTE
    ..\\bootloader\\bootloader_uart.c        0x00000000   Number         0  bootloader_uart.o ABSOLUTE
    ..\bootloader\bootloader.c               0x00000000   Number         0  bootloader.o ABSOLUTE
    ..\bootloader\bootloader_uart.c          0x00000000   Number         0  bootloader_uart.o ABSOLUTE
    dc.s                                     0x00000000   Number         0  dc.o ABSOLUTE
    startup_stm32f103xb.s                    0x00000000   Number         0  startup_stm32f103xb.o ABSOLUTE
    RESET                                    0x08000000   Section      236  startup_stm32f103xb.o(RESET)
    !!!main                                  0x080000ec   Section        8  __main.o(!!!main)
    !!!scatter                               0x080000f4   Section       52  __scatter.o(!!!scatter)
    !!handler_copy                           0x08000128   Section       26  __scatter_copy.o(!!handler_copy)
    !!handler_zi                             0x08000144   Section       28  __scatter_zi.o(!!handler_zi)
    .ARM.Collect$$_printf_percent$$00000000  0x08000160   Section        0  _printf_percent.o(.ARM.Collect$$_printf_percent$$00000000)
    .ARM.Collect$$_printf_percent$$00000009  0x08000160   Section        6  _printf_d.o(.ARM.Collect$$_printf_percent$$00000009)
    .ARM.Collect$$_printf_percent$$00000017  0x08000166   Section        4  _printf_percent_end.o(.ARM.Collect$$_printf_percent$$00000017)
    .ARM.Collect$$libinit$$00000000          0x0800016a   Section        2  libinit.o(.ARM.Collect$$libinit$$00000000)
    .ARM.Collect$$libinit$$00000002          0x0800016c   Section        0  libinit2.o(.ARM.Collect$$libinit$$00000002)
    .ARM.Collect$$libinit$$00000004          0x0800016c   Section        0  libinit2.o(.ARM.Collect$$libinit$$00000004)
    .ARM.Collect$$libinit$$0000000A          0x0800016c   Section        0  libinit2.o(.ARM.Collect$$libinit$$0000000A)
    .ARM.Collect$$libinit$$0000000C          0x0800016c   Section        0  libinit2.o(.ARM.Collect$$libinit$$0000000C)
    .ARM.Collect$$libinit$$0000000E          0x0800016c   Section        0  libinit2.o(.ARM.Collect$$libinit$$0000000E)
    .ARM.Collect$$libinit$$00000011          0x0800016c   Section        0  libinit2.o(.ARM.Collect$$libinit$$00000011)
    .ARM.Collect$$libinit$$00000013          0x0800016c   Section        0  libinit2.o(.ARM.Collect$$libinit$$00000013)
    .ARM.Collect$$libinit$$00000015          0x0800016c   Section        0  libinit2.o(.ARM.Collect$$libinit$$00000015)
    .ARM.Collect$$libinit$$00000017          0x0800016c   Section        0  libinit2.o(.ARM.Collect$$libinit$$00000017)
    .ARM.Collect$$libinit$$00000019          0x0800016c   Section        0  libinit2.o(.ARM.Collect$$libinit$$00000019)
    .ARM.Collect$$libinit$$0000001B          0x0800016c   Section        0  libinit2.o(.ARM.Collect$$libinit$$0000001B)
    .ARM.Collect$$libinit$$0000001D          0x0800016c   Section        0  libinit2.o(.ARM.Collect$$libinit$$0000001D)
    .ARM.Collect$$libinit$$0000001F          0x0800016c   Section        0  libinit2.o(.ARM.Collect$$libinit$$0000001F)
    .ARM.Collect$$libinit$$00000021          0x0800016c   Section        0  libinit2.o(.ARM.Collect$$libinit$$00000021)
    .ARM.Collect$$libinit$$00000023          0x0800016c   Section        0  libinit2.o(.ARM.Collect$$libinit$$00000023)
    .ARM.Collect$$libinit$$00000025          0x0800016c   Section        0  libinit2.o(.ARM.Collect$$libinit$$00000025)
    .ARM.Collect$$libinit$$0000002C          0x0800016c   Section        0  libinit2.o(.ARM.Collect$$libinit$$0000002C)
    .ARM.Collect$$libinit$$0000002E          0x0800016c   Section        0  libinit2.o(.ARM.Collect$$libinit$$0000002E)
    .ARM.Collect$$libinit$$00000030          0x0800016c   Section        0  libinit2.o(.ARM.Collect$$libinit$$00000030)
    .ARM.Collect$$libinit$$00000032          0x0800016c   Section        0  libinit2.o(.ARM.Collect$$libinit$$00000032)
    .ARM.Collect$$libinit$$00000033          0x0800016c   Section        2  libinit2.o(.ARM.Collect$$libinit$$00000033)
    .ARM.Collect$$libshutdown$$00000000      0x0800016e   Section        2  libshutdown.o(.ARM.Collect$$libshutdown$$00000000)
    .ARM.Collect$$libshutdown$$00000002      0x08000170   Section        0  libshutdown2.o(.ARM.Collect$$libshutdown$$00000002)
    .ARM.Collect$$libshutdown$$00000004      0x08000170   Section        0  libshutdown2.o(.ARM.Collect$$libshutdown$$00000004)
    .ARM.Collect$$libshutdown$$00000007      0x08000170   Section        0  libshutdown2.o(.ARM.Collect$$libshutdown$$00000007)
    .ARM.Collect$$libshutdown$$0000000A      0x08000170   Section        0  libshutdown2.o(.ARM.Collect$$libshutdown$$0000000A)
    .ARM.Collect$$libshutdown$$0000000C      0x08000170   Section        0  libshutdown2.o(.ARM.Collect$$libshutdown$$0000000C)
    .ARM.Collect$$libshutdown$$0000000F      0x08000170   Section        0  libshutdown2.o(.ARM.Collect$$libshutdown$$0000000F)
    .ARM.Collect$$libshutdown$$00000010      0x08000170   Section        2  libshutdown2.o(.ARM.Collect$$libshutdown$$00000010)
    .ARM.Collect$$rtentry$$00000000          0x08000172   Section        0  __rtentry.o(.ARM.Collect$$rtentry$$00000000)
    .ARM.Collect$$rtentry$$00000002          0x08000172   Section        0  __rtentry2.o(.ARM.Collect$$rtentry$$00000002)
    .ARM.Collect$$rtentry$$00000004          0x08000172   Section        6  __rtentry4.o(.ARM.Collect$$rtentry$$00000004)
    .ARM.Collect$$rtentry$$00000009          0x08000178   Section        0  __rtentry2.o(.ARM.Collect$$rtentry$$00000009)
    .ARM.Collect$$rtentry$$0000000A          0x08000178   Section        4  __rtentry2.o(.ARM.Collect$$rtentry$$0000000A)
    .ARM.Collect$$rtentry$$0000000C          0x0800017c   Section        0  __rtentry2.o(.ARM.Collect$$rtentry$$0000000C)
    .ARM.Collect$$rtentry$$0000000D          0x0800017c   Section        8  __rtentry2.o(.ARM.Collect$$rtentry$$0000000D)
    .ARM.Collect$$rtexit$$00000000           0x08000184   Section        2  rtexit.o(.ARM.Collect$$rtexit$$00000000)
    .ARM.Collect$$rtexit$$00000002           0x08000186   Section        0  rtexit2.o(.ARM.Collect$$rtexit$$00000002)
    .ARM.Collect$$rtexit$$00000003           0x08000186   Section        4  rtexit2.o(.ARM.Collect$$rtexit$$00000003)
    .ARM.Collect$$rtexit$$00000004           0x0800018a   Section        6  rtexit2.o(.ARM.Collect$$rtexit$$00000004)
    .text                                    0x08000190   Section       64  startup_stm32f103xb.o(.text)
    .text                                    0x080001d0   Section       38  llushr.o(.text)
    .text                                    0x080001f8   Section        0  noretval__2snprintf.o(.text)
    .text                                    0x0800022c   Section        0  __printf.o(.text)
    .text                                    0x08000294   Section        0  _printf_dec.o(.text)
    .text                                    0x0800030c   Section        0  strlen.o(.text)
    .text                                    0x0800034a   Section      138  rt_memcpy_v6.o(.text)
    .text                                    0x080003d4   Section      100  rt_memcpy_w.o(.text)
    .text                                    0x08000438   Section       78  rt_memclr_w.o(.text)
    .text                                    0x08000486   Section        0  heapauxi.o(.text)
    .text                                    0x0800048c   Section        0  _printf_intcommon.o(.text)
    .text                                    0x08000540   Section        0  _printf_char_common.o(.text)
    _printf_input_char                       0x08000541   Thumb Code    10  _printf_char_common.o(.text)
    .text                                    0x08000570   Section        0  _sputc.o(.text)
    .text                                    0x0800057a   Section        0  _snputc.o(.text)
    .text                                    0x0800058a   Section       74  sys_stackheap_outer.o(.text)
    .text                                    0x080005d4   Section        0  exit.o(.text)
    .text                                    0x080005e8   Section        8  libspace.o(.text)
    .text                                    0x080005f0   Section        0  sys_exit.o(.text)
    .text                                    0x080005fc   Section        2  use_no_semi.o(.text)
    .text                                    0x080005fe   Section        0  indicate_semi.o(.text)
    i.Bootloader_CalculateCRC32              0x08000600   Section        0  bootloader.o(i.Bootloader_CalculateCRC32)
    i.Bootloader_CheckAppValid               0x0800062c   Section        0  bootloader.o(i.Bootloader_CheckAppValid)
    i.Bootloader_CheckUpdateFlag             0x08000668   Section        0  bootloader.o(i.Bootloader_CheckUpdateFlag)
    i.Bootloader_ClearUpdateFlag             0x08000684   Section        0  bootloader.o(i.Bootloader_ClearUpdateFlag)
    i.Bootloader_CompareVersion              0x080006b0   Section        0  bootloader.o(i.Bootloader_CompareVersion)
    i.Bootloader_Flash_Erase                 0x08000744   Section        0  bootloader.o(i.Bootloader_Flash_Erase)
    i.Bootloader_Flash_Read                  0x080007c4   Section        0  bootloader.o(i.Bootloader_Flash_Read)
    i.Bootloader_Flash_Write                 0x080007f4   Section        0  bootloader.o(i.Bootloader_Flash_Write)
    i.Bootloader_GetAppCRC32                 0x080008d4   Section        0  bootloader.o(i.Bootloader_GetAppCRC32)
    i.Bootloader_GetInfo                     0x08000908   Section        0  bootloader.o(i.Bootloader_GetInfo)
    i.Bootloader_Init                        0x08000948   Section        0  bootloader.o(i.Bootloader_Init)
    i.Bootloader_IsAppVersionValid           0x08000954   Section        0  bootloader.o(i.Bootloader_IsAppVersionValid)
    i.Bootloader_JumpToApp                   0x08000970   Section        0  bootloader.o(i.Bootloader_JumpToApp)
    i.Bootloader_ReadAppVersion              0x080009d4   Section        0  bootloader.o(i.Bootloader_ReadAppVersion)
    i.Bootloader_SaveAppVersion              0x08000a04   Section        0  bootloader.o(i.Bootloader_SaveAppVersion)
    i.Bootloader_SetUpdateFlag               0x08000aa8   Section        0  bootloader.o(i.Bootloader_SetUpdateFlag)
    i.Bootloader_UART_Init                   0x08000acc   Section        0  bootloader_uart.o(i.Bootloader_UART_Init)
    i.Bootloader_UART_Process                0x08000ad8   Section        0  bootloader_uart.o(i.Bootloader_UART_Process)
    i.Bootloader_UART_SendString             0x08000d10   Section        0  bootloader_uart.o(i.Bootloader_UART_SendString)
    i.BusFault_Handler                       0x08000d3c   Section        0  stm32f1xx_it.o(i.BusFault_Handler)
    i.CalculatePacketCRC                     0x08000d40   Section        0  bootloader_uart.o(i.CalculatePacketCRC)
    CalculatePacketCRC                       0x08000d41   Thumb Code   128  bootloader_uart.o(i.CalculatePacketCRC)
    i.DebugMon_Handler                       0x08000dc0   Section        0  stm32f1xx_it.o(i.DebugMon_Handler)
    i.Error_Handler                          0x08000dc2   Section        0  main.o(i.Error_Handler)
    i.FLASH_MassErase                        0x08000dc8   Section        0  stm32f1xx_hal_flash_ex.o(i.FLASH_MassErase)
    FLASH_MassErase                          0x08000dc9   Thumb Code    30  stm32f1xx_hal_flash_ex.o(i.FLASH_MassErase)
    i.FLASH_PageErase                        0x08000df0   Section        0  stm32f1xx_hal_flash_ex.o(i.FLASH_PageErase)
    i.FLASH_Program_HalfWord                 0x08000e18   Section        0  stm32f1xx_hal_flash.o(i.FLASH_Program_HalfWord)
    FLASH_Program_HalfWord                   0x08000e19   Thumb Code    22  stm32f1xx_hal_flash.o(i.FLASH_Program_HalfWord)
    i.FLASH_SetErrorCode                     0x08000e38   Section        0  stm32f1xx_hal_flash.o(i.FLASH_SetErrorCode)
    FLASH_SetErrorCode                       0x08000e39   Thumb Code   124  stm32f1xx_hal_flash.o(i.FLASH_SetErrorCode)
    i.FLASH_WaitForLastOperation             0x08000ebc   Section        0  stm32f1xx_hal_flash.o(i.FLASH_WaitForLastOperation)
    i.GetFlashPage                           0x08000f2c   Section        0  bootloader.o(i.GetFlashPage)
    GetFlashPage                             0x08000f2d   Thumb Code    10  bootloader.o(i.GetFlashPage)
    i.HAL_DeInit                             0x08000f38   Section        0  stm32f1xx_hal.o(i.HAL_DeInit)
    i.HAL_Delay                              0x08000f5c   Section        0  stm32f1xx_hal.o(i.HAL_Delay)
    i.HAL_FLASHEx_Erase                      0x08000f84   Section        0  stm32f1xx_hal_flash_ex.o(i.HAL_FLASHEx_Erase)
    i.HAL_FLASH_Lock                         0x08001034   Section        0  stm32f1xx_hal_flash.o(i.HAL_FLASH_Lock)
    i.HAL_FLASH_Program                      0x08001048   Section        0  stm32f1xx_hal_flash.o(i.HAL_FLASH_Program)
    i.HAL_FLASH_Unlock                       0x080010f8   Section        0  stm32f1xx_hal_flash.o(i.HAL_FLASH_Unlock)
    i.HAL_GPIO_Init                          0x08001128   Section        0  stm32f1xx_hal_gpio.o(i.HAL_GPIO_Init)
    i.HAL_GetTick                            0x08001448   Section        0  stm32f1xx_hal.o(i.HAL_GetTick)
    i.HAL_IncTick                            0x08001454   Section        0  stm32f1xx_hal.o(i.HAL_IncTick)
    i.HAL_Init                               0x0800146c   Section        0  stm32f1xx_hal.o(i.HAL_Init)
    i.HAL_InitTick                           0x08001494   Section        0  stm32f1xx_hal.o(i.HAL_InitTick)
    i.HAL_MspDeInit                          0x080014e0   Section        0  stm32f1xx_hal.o(i.HAL_MspDeInit)
    i.HAL_MspInit                            0x080014e4   Section        0  stm32f1xx_hal_msp.o(i.HAL_MspInit)
    i.HAL_NVIC_SetPriority                   0x08001538   Section        0  stm32f1xx_hal_cortex.o(i.HAL_NVIC_SetPriority)
    i.HAL_NVIC_SetPriorityGrouping           0x080015b4   Section        0  stm32f1xx_hal_cortex.o(i.HAL_NVIC_SetPriorityGrouping)
    i.HAL_RCC_ClockConfig                    0x080015dc   Section        0  stm32f1xx_hal_rcc.o(i.HAL_RCC_ClockConfig)
    i.HAL_RCC_GetHCLKFreq                    0x08001768   Section        0  stm32f1xx_hal_rcc.o(i.HAL_RCC_GetHCLKFreq)
    i.HAL_RCC_GetPCLK1Freq                   0x08001774   Section        0  stm32f1xx_hal_rcc.o(i.HAL_RCC_GetPCLK1Freq)
    i.HAL_RCC_GetPCLK2Freq                   0x08001794   Section        0  stm32f1xx_hal_rcc.o(i.HAL_RCC_GetPCLK2Freq)
    i.HAL_RCC_GetSysClockFreq                0x080017b4   Section        0  stm32f1xx_hal_rcc.o(i.HAL_RCC_GetSysClockFreq)
    i.HAL_RCC_OscConfig                      0x08001824   Section        0  stm32f1xx_hal_rcc.o(i.HAL_RCC_OscConfig)
    i.HAL_SYSTICK_Config                     0x08001c88   Section        0  stm32f1xx_hal_cortex.o(i.HAL_SYSTICK_Config)
    i.HAL_UART_Init                          0x08001cbc   Section        0  stm32f1xx_hal_uart.o(i.HAL_UART_Init)
    i.HAL_UART_MspInit                       0x08001d34   Section        0  usart.o(i.HAL_UART_MspInit)
    i.HAL_UART_Receive                       0x08001dbc   Section        0  stm32f1xx_hal_uart.o(i.HAL_UART_Receive)
    i.HAL_UART_Transmit                      0x08001e7e   Section        0  stm32f1xx_hal_uart.o(i.HAL_UART_Transmit)
    i.HardFault_Handler                      0x08001f3c   Section        0  stm32f1xx_it.o(i.HardFault_Handler)
    i.IAP_EndUpdate                          0x08001f40   Section        0  bootloader.o(i.IAP_EndUpdate)
    i.IAP_StartUpdate                        0x08001f60   Section        0  bootloader.o(i.IAP_StartUpdate)
    i.IAP_VerifyApp                          0x08001f8c   Section        0  bootloader.o(i.IAP_VerifyApp)
    i.IAP_WriteData                          0x08001fa4   Section        0  bootloader.o(i.IAP_WriteData)
    i.MX_GPIO_Init                           0x08001fc8   Section        0  gpio.o(i.MX_GPIO_Init)
    i.MX_USART1_UART_Init                    0x08002008   Section        0  usart.o(i.MX_USART1_UART_Init)
    i.MemManage_Handler                      0x08002040   Section        0  stm32f1xx_it.o(i.MemManage_Handler)
    i.NMI_Handler                            0x08002044   Section        0  stm32f1xx_it.o(i.NMI_Handler)
    i.PendSV_Handler                         0x08002048   Section        0  stm32f1xx_it.o(i.PendSV_Handler)
    i.RCC_Delay                              0x0800204c   Section        0  stm32f1xx_hal_rcc.o(i.RCC_Delay)
    RCC_Delay                                0x0800204d   Thumb Code    36  stm32f1xx_hal_rcc.o(i.RCC_Delay)
    i.ReceivePacket                          0x08002074   Section        0  bootloader_uart.o(i.ReceivePacket)
    ReceivePacket                            0x08002075   Thumb Code   222  bootloader_uart.o(i.ReceivePacket)
    i.SVC_Handler                            0x0800215c   Section        0  stm32f1xx_it.o(i.SVC_Handler)
    i.SendResponse                           0x08002160   Section        0  bootloader_uart.o(i.SendResponse)
    SendResponse                             0x08002161   Thumb Code   186  bootloader_uart.o(i.SendResponse)
    i.SysTick_Handler                        0x08002224   Section        0  stm32f1xx_it.o(i.SysTick_Handler)
    i.SystemClock_Config                     0x0800222c   Section        0  main.o(i.SystemClock_Config)
    i.SystemInit                             0x08002292   Section        0  system_stm32f1xx.o(i.SystemInit)
    i.UART_EndRxTransfer                     0x08002294   Section        0  stm32f1xx_hal_uart.o(i.UART_EndRxTransfer)
    UART_EndRxTransfer                       0x08002295   Thumb Code   108  stm32f1xx_hal_uart.o(i.UART_EndRxTransfer)
    i.UART_SetConfig                         0x08002300   Section        0  stm32f1xx_hal_uart.o(i.UART_SetConfig)
    UART_SetConfig                           0x08002301   Thumb Code   248  stm32f1xx_hal_uart.o(i.UART_SetConfig)
    i.UART_WaitOnFlagUntilTimeout            0x080023fc   Section        0  stm32f1xx_hal_uart.o(i.UART_WaitOnFlagUntilTimeout)
    UART_WaitOnFlagUntilTimeout              0x080023fd   Thumb Code   140  stm32f1xx_hal_uart.o(i.UART_WaitOnFlagUntilTimeout)
    i.UsageFault_Handler                     0x08002488   Section        0  stm32f1xx_it.o(i.UsageFault_Handler)
    i.__NVIC_GetPriorityGrouping             0x0800248c   Section        0  stm32f1xx_hal_cortex.o(i.__NVIC_GetPriorityGrouping)
    __NVIC_GetPriorityGrouping               0x0800248d   Thumb Code    10  stm32f1xx_hal_cortex.o(i.__NVIC_GetPriorityGrouping)
    i.__NVIC_SetPriority                     0x0800249c   Section        0  stm32f1xx_hal_cortex.o(i.__NVIC_SetPriority)
    __NVIC_SetPriority                       0x0800249d   Thumb Code    32  stm32f1xx_hal_cortex.o(i.__NVIC_SetPriority)
    i.__NVIC_SystemReset                     0x080024c4   Section        0  bootloader_uart.o(i.__NVIC_SystemReset)
    __NVIC_SystemReset                       0x080024c5   Thumb Code    56  bootloader_uart.o(i.__NVIC_SystemReset)
    i.main                                   0x08002504   Section        0  main.o(i.main)
    .constdata                               0x08002938   Section       18  stm32f1xx_hal_rcc.o(.constdata)
    aPLLMULFactorTable                       0x08002938   Data          16  stm32f1xx_hal_rcc.o(.constdata)
    aPredivFactorTable                       0x08002948   Data           2  stm32f1xx_hal_rcc.o(.constdata)
    .constdata                               0x0800294a   Section       24  system_stm32f1xx.o(.constdata)
    .constdata                               0x08002964   Section     1024  bootloader.o(.constdata)
    crc32_table                              0x08002964   Data        1024  bootloader.o(.constdata)
    .conststring                             0x08002d64   Section       65  main.o(.conststring)
    .data                                    0x20000000   Section        8  main.o(.data)
    last_dot                                 0x20000004   Data           4  main.o(.data)
    .data                                    0x20000008   Section        9  stm32f1xx_hal.o(.data)
    .data                                    0x20000014   Section        4  system_stm32f1xx.o(.data)
    .data                                    0x20000018   Section        1  bootloader.o(.data)
    update_in_progress                       0x20000018   Data           1  bootloader.o(.data)
    .data                                    0x2000001c   Section        4  bootloader_uart.o(.data)
    p_huart                                  0x2000001c   Data           4  bootloader_uart.o(.data)
    .bss                                     0x20000020   Section       72  usart.o(.bss)
    .bss                                     0x20000068   Section       32  stm32f1xx_hal_flash.o(.bss)
    .bss                                     0x20000088   Section     2064  bootloader_uart.o(.bss)
    rx_packet                                0x20000088   Data        1032  bootloader_uart.o(.bss)
    tx_packet                                0x20000490   Data        1032  bootloader_uart.o(.bss)
    .bss                                     0x20000898   Section       96  libspace.o(.bss)
    HEAP                                     0x200008f8   Section      512  startup_stm32f103xb.o(HEAP)
    Heap_Mem                                 0x200008f8   Data         512  startup_stm32f103xb.o(HEAP)
    STACK                                    0x20000af8   Section     1024  startup_stm32f103xb.o(STACK)
    Stack_Mem                                0x20000af8   Data        1024  startup_stm32f103xb.o(STACK)
    __initial_sp                             0x20000ef8   Data           0  startup_stm32f103xb.o(STACK)

    Global Symbols

    Symbol Name                              Value     Ov Type        Size  Object(Section)

    BuildAttributes$$THM_ISAv4$P$D$K$B$S$PE$A:L22UL41UL21$X:L11$S22US41US21$IEEE1$IW$USESV6$~STKCKD$USESV7$~SHL$OSPACE$ROPI$EBA8$UX$STANDARDLIB$REQ8$PRES8$EABIv2 0x00000000   Number         0  anon$$obj.o ABSOLUTE
    __ARM_use_no_argv                        0x00000000   Number         0  main.o ABSOLUTE
    __ARM_exceptions_init                     - Undefined Weak Reference
    __alloca_initialize                       - Undefined Weak Reference
    __arm_preinit_                            - Undefined Weak Reference
    __cpp_initialize__aeabi_                  - Undefined Weak Reference
    __cxa_finalize                            - Undefined Weak Reference
    __rt_locale                               - Undefined Weak Reference
    __sigvec_lookup                           - Undefined Weak Reference
    _atexit_init                              - Undefined Weak Reference
    _call_atexit_fns                          - Undefined Weak Reference
    _clock_init                               - Undefined Weak Reference
    _fp_trap_init                             - Undefined Weak Reference
    _fp_trap_shutdown                         - Undefined Weak Reference
    _get_lc_collate                           - Undefined Weak Reference
    _get_lc_ctype                             - Undefined Weak Reference
    _get_lc_monetary                          - Undefined Weak Reference
    _get_lc_numeric                           - Undefined Weak Reference
    _get_lc_time                              - Undefined Weak Reference
    _getenv_init                              - Undefined Weak Reference
    _handle_redirection                       - Undefined Weak Reference
    _init_alloc                               - Undefined Weak Reference
    _init_user_alloc                          - Undefined Weak Reference
    _initio                                   - Undefined Weak Reference
    _printf_post_padding                      - Undefined Weak Reference
    _printf_pre_padding                       - Undefined Weak Reference
    _printf_truncate_signed                   - Undefined Weak Reference
    _printf_truncate_unsigned                 - Undefined Weak Reference
    _rand_init                                - Undefined Weak Reference
    _signal_finish                            - Undefined Weak Reference
    _signal_init                              - Undefined Weak Reference
    _terminate_alloc                          - Undefined Weak Reference
    _terminate_user_alloc                     - Undefined Weak Reference
    _terminateio                              - Undefined Weak Reference
    __Vectors_Size                           0x000000ec   Number         0  startup_stm32f103xb.o ABSOLUTE
    __Vectors                                0x08000000   Data           4  startup_stm32f103xb.o(RESET)
    __Vectors_End                            0x080000ec   Data           0  startup_stm32f103xb.o(RESET)
    __main                                   0x080000ed   Thumb Code     8  __main.o(!!!main)
    __scatterload                            0x080000f5   Thumb Code     0  __scatter.o(!!!scatter)
    __scatterload_rt2                        0x080000f5   Thumb Code    44  __scatter.o(!!!scatter)
    __scatterload_rt2_thumb_only             0x080000f5   Thumb Code     0  __scatter.o(!!!scatter)
    __scatterload_null                       0x08000103   Thumb Code     0  __scatter.o(!!!scatter)
    __scatterload_copy                       0x08000129   Thumb Code    26  __scatter_copy.o(!!handler_copy)
    __scatterload_zeroinit                   0x08000145   Thumb Code    28  __scatter_zi.o(!!handler_zi)
    _printf_d                                0x08000161   Thumb Code     0  _printf_d.o(.ARM.Collect$$_printf_percent$$00000009)
    _printf_percent                          0x08000161   Thumb Code     0  _printf_percent.o(.ARM.Collect$$_printf_percent$$00000000)
    _printf_percent_end                      0x08000167   Thumb Code     0  _printf_percent_end.o(.ARM.Collect$$_printf_percent$$00000017)
    __rt_lib_init                            0x0800016b   Thumb Code     0  libinit.o(.ARM.Collect$$libinit$$00000000)
    __rt_lib_init_alloca_1                   0x0800016d   Thumb Code     0  libinit2.o(.ARM.Collect$$libinit$$0000002E)
    __rt_lib_init_argv_1                     0x0800016d   Thumb Code     0  libinit2.o(.ARM.Collect$$libinit$$0000002C)
    __rt_lib_init_atexit_1                   0x0800016d   Thumb Code     0  libinit2.o(.ARM.Collect$$libinit$$0000001B)
    __rt_lib_init_clock_1                    0x0800016d   Thumb Code     0  libinit2.o(.ARM.Collect$$libinit$$00000021)
    __rt_lib_init_cpp_1                      0x0800016d   Thumb Code     0  libinit2.o(.ARM.Collect$$libinit$$00000032)
    __rt_lib_init_exceptions_1               0x0800016d   Thumb Code     0  libinit2.o(.ARM.Collect$$libinit$$00000030)
    __rt_lib_init_fp_1                       0x0800016d   Thumb Code     0  libinit2.o(.ARM.Collect$$libinit$$00000002)
    __rt_lib_init_fp_trap_1                  0x0800016d   Thumb Code     0  libinit2.o(.ARM.Collect$$libinit$$0000001F)
    __rt_lib_init_getenv_1                   0x0800016d   Thumb Code     0  libinit2.o(.ARM.Collect$$libinit$$00000023)
    __rt_lib_init_heap_1                     0x0800016d   Thumb Code     0  libinit2.o(.ARM.Collect$$libinit$$0000000A)
    __rt_lib_init_lc_collate_1               0x0800016d   Thumb Code     0  libinit2.o(.ARM.Collect$$libinit$$00000011)
    __rt_lib_init_lc_ctype_1                 0x0800016d   Thumb Code     0  libinit2.o(.ARM.Collect$$libinit$$00000013)
    __rt_lib_init_lc_monetary_1              0x0800016d   Thumb Code     0  libinit2.o(.ARM.Collect$$libinit$$00000015)
    __rt_lib_init_lc_numeric_1               0x0800016d   Thumb Code     0  libinit2.o(.ARM.Collect$$libinit$$00000017)
    __rt_lib_init_lc_time_1                  0x0800016d   Thumb Code     0  libinit2.o(.ARM.Collect$$libinit$$00000019)
    __rt_lib_init_preinit_1                  0x0800016d   Thumb Code     0  libinit2.o(.ARM.Collect$$libinit$$00000004)
    __rt_lib_init_rand_1                     0x0800016d   Thumb Code     0  libinit2.o(.ARM.Collect$$libinit$$0000000E)
    __rt_lib_init_return                     0x0800016d   Thumb Code     0  libinit2.o(.ARM.Collect$$libinit$$00000033)
    __rt_lib_init_signal_1                   0x0800016d   Thumb Code     0  libinit2.o(.ARM.Collect$$libinit$$0000001D)
    __rt_lib_init_stdio_1                    0x0800016d   Thumb Code     0  libinit2.o(.ARM.Collect$$libinit$$00000025)
    __rt_lib_init_user_alloc_1               0x0800016d   Thumb Code     0  libinit2.o(.ARM.Collect$$libinit$$0000000C)
    __rt_lib_shutdown                        0x0800016f   Thumb Code     0  libshutdown.o(.ARM.Collect$$libshutdown$$00000000)
    __rt_lib_shutdown_cpp_1                  0x08000171   Thumb Code     0  libshutdown2.o(.ARM.Collect$$libshutdown$$00000002)
    __rt_lib_shutdown_fp_trap_1              0x08000171   Thumb Code     0  libshutdown2.o(.ARM.Collect$$libshutdown$$00000007)
    __rt_lib_shutdown_heap_1                 0x08000171   Thumb Code     0  libshutdown2.o(.ARM.Collect$$libshutdown$$0000000F)
    __rt_lib_shutdown_return                 0x08000171   Thumb Code     0  libshutdown2.o(.ARM.Collect$$libshutdown$$00000010)
    __rt_lib_shutdown_signal_1               0x08000171   Thumb Code     0  libshutdown2.o(.ARM.Collect$$libshutdown$$0000000A)
    __rt_lib_shutdown_stdio_1                0x08000171   Thumb Code     0  libshutdown2.o(.ARM.Collect$$libshutdown$$00000004)
    __rt_lib_shutdown_user_alloc_1           0x08000171   Thumb Code     0  libshutdown2.o(.ARM.Collect$$libshutdown$$0000000C)
    __rt_entry                               0x08000173   Thumb Code     0  __rtentry.o(.ARM.Collect$$rtentry$$00000000)
    __rt_entry_presh_1                       0x08000173   Thumb Code     0  __rtentry2.o(.ARM.Collect$$rtentry$$00000002)
    __rt_entry_sh                            0x08000173   Thumb Code     0  __rtentry4.o(.ARM.Collect$$rtentry$$00000004)
    __rt_entry_li                            0x08000179   Thumb Code     0  __rtentry2.o(.ARM.Collect$$rtentry$$0000000A)
    __rt_entry_postsh_1                      0x08000179   Thumb Code     0  __rtentry2.o(.ARM.Collect$$rtentry$$00000009)
    __rt_entry_main                          0x0800017d   Thumb Code     0  __rtentry2.o(.ARM.Collect$$rtentry$$0000000D)
    __rt_entry_postli_1                      0x0800017d   Thumb Code     0  __rtentry2.o(.ARM.Collect$$rtentry$$0000000C)
    __rt_exit                                0x08000185   Thumb Code     0  rtexit.o(.ARM.Collect$$rtexit$$00000000)
    __rt_exit_ls                             0x08000187   Thumb Code     0  rtexit2.o(.ARM.Collect$$rtexit$$00000003)
    __rt_exit_prels_1                        0x08000187   Thumb Code     0  rtexit2.o(.ARM.Collect$$rtexit$$00000002)
    __rt_exit_exit                           0x0800018b   Thumb Code     0  rtexit2.o(.ARM.Collect$$rtexit$$00000004)
    Reset_Handler                            0x08000191   Thumb Code     8  startup_stm32f103xb.o(.text)
    ADC1_2_IRQHandler                        0x080001ab   Thumb Code     0  startup_stm32f103xb.o(.text)
    CAN1_RX1_IRQHandler                      0x080001ab   Thumb Code     0  startup_stm32f103xb.o(.text)
    CAN1_SCE_IRQHandler                      0x080001ab   Thumb Code     0  startup_stm32f103xb.o(.text)
    DMA1_Channel1_IRQHandler                 0x080001ab   Thumb Code     0  startup_stm32f103xb.o(.text)
    DMA1_Channel2_IRQHandler                 0x080001ab   Thumb Code     0  startup_stm32f103xb.o(.text)
    DMA1_Channel3_IRQHandler                 0x080001ab   Thumb Code     0  startup_stm32f103xb.o(.text)
    DMA1_Channel4_IRQHandler                 0x080001ab   Thumb Code     0  startup_stm32f103xb.o(.text)
    DMA1_Channel5_IRQHandler                 0x080001ab   Thumb Code     0  startup_stm32f103xb.o(.text)
    DMA1_Channel6_IRQHandler                 0x080001ab   Thumb Code     0  startup_stm32f103xb.o(.text)
    DMA1_Channel7_IRQHandler                 0x080001ab   Thumb Code     0  startup_stm32f103xb.o(.text)
    EXTI0_IRQHandler                         0x080001ab   Thumb Code     0  startup_stm32f103xb.o(.text)
    EXTI15_10_IRQHandler                     0x080001ab   Thumb Code     0  startup_stm32f103xb.o(.text)
    EXTI1_IRQHandler                         0x080001ab   Thumb Code     0  startup_stm32f103xb.o(.text)
    EXTI2_IRQHandler                         0x080001ab   Thumb Code     0  startup_stm32f103xb.o(.text)
    EXTI3_IRQHandler                         0x080001ab   Thumb Code     0  startup_stm32f103xb.o(.text)
    EXTI4_IRQHandler                         0x080001ab   Thumb Code     0  startup_stm32f103xb.o(.text)
    EXTI9_5_IRQHandler                       0x080001ab   Thumb Code     0  startup_stm32f103xb.o(.text)
    FLASH_IRQHandler                         0x080001ab   Thumb Code     0  startup_stm32f103xb.o(.text)
    I2C1_ER_IRQHandler                       0x080001ab   Thumb Code     0  startup_stm32f103xb.o(.text)
    I2C1_EV_IRQHandler                       0x080001ab   Thumb Code     0  startup_stm32f103xb.o(.text)
    I2C2_ER_IRQHandler                       0x080001ab   Thumb Code     0  startup_stm32f103xb.o(.text)
    I2C2_EV_IRQHandler                       0x080001ab   Thumb Code     0  startup_stm32f103xb.o(.text)
    PVD_IRQHandler                           0x080001ab   Thumb Code     0  startup_stm32f103xb.o(.text)
    RCC_IRQHandler                           0x080001ab   Thumb Code     0  startup_stm32f103xb.o(.text)
    RTC_Alarm_IRQHandler                     0x080001ab   Thumb Code     0  startup_stm32f103xb.o(.text)
    RTC_IRQHandler                           0x080001ab   Thumb Code     0  startup_stm32f103xb.o(.text)
    SPI1_IRQHandler                          0x080001ab   Thumb Code     0  startup_stm32f103xb.o(.text)
    SPI2_IRQHandler                          0x080001ab   Thumb Code     0  startup_stm32f103xb.o(.text)
    TAMPER_IRQHandler                        0x080001ab   Thumb Code     0  startup_stm32f103xb.o(.text)
    TIM1_BRK_IRQHandler                      0x080001ab   Thumb Code     0  startup_stm32f103xb.o(.text)
    TIM1_CC_IRQHandler                       0x080001ab   Thumb Code     0  startup_stm32f103xb.o(.text)
    TIM1_TRG_COM_IRQHandler                  0x080001ab   Thumb Code     0  startup_stm32f103xb.o(.text)
    TIM1_UP_IRQHandler                       0x080001ab   Thumb Code     0  startup_stm32f103xb.o(.text)
    TIM2_IRQHandler                          0x080001ab   Thumb Code     0  startup_stm32f103xb.o(.text)
    TIM3_IRQHandler                          0x080001ab   Thumb Code     0  startup_stm32f103xb.o(.text)
    TIM4_IRQHandler                          0x080001ab   Thumb Code     0  startup_stm32f103xb.o(.text)
    USART1_IRQHandler                        0x080001ab   Thumb Code     0  startup_stm32f103xb.o(.text)
    USART2_IRQHandler                        0x080001ab   Thumb Code     0  startup_stm32f103xb.o(.text)
    USART3_IRQHandler                        0x080001ab   Thumb Code     0  startup_stm32f103xb.o(.text)
    USBWakeUp_IRQHandler                     0x080001ab   Thumb Code     0  startup_stm32f103xb.o(.text)
    USB_HP_CAN1_TX_IRQHandler                0x080001ab   Thumb Code     0  startup_stm32f103xb.o(.text)
    USB_LP_CAN1_RX0_IRQHandler               0x080001ab   Thumb Code     0  startup_stm32f103xb.o(.text)
    WWDG_IRQHandler                          0x080001ab   Thumb Code     0  startup_stm32f103xb.o(.text)
    __user_initial_stackheap                 0x080001ad   Thumb Code     0  startup_stm32f103xb.o(.text)
    __aeabi_llsr                             0x080001d1   Thumb Code     0  llushr.o(.text)
    _ll_ushift_r                             0x080001d1   Thumb Code    38  llushr.o(.text)
    __2snprintf                              0x080001f9   Thumb Code    48  noretval__2snprintf.o(.text)
    __printf                                 0x0800022d   Thumb Code   104  __printf.o(.text)
    _printf_int_dec                          0x08000295   Thumb Code   104  _printf_dec.o(.text)
    strlen                                   0x0800030d   Thumb Code    62  strlen.o(.text)
    __aeabi_memcpy                           0x0800034b   Thumb Code     0  rt_memcpy_v6.o(.text)
    __rt_memcpy                              0x0800034b   Thumb Code   138  rt_memcpy_v6.o(.text)
    _memcpy_lastbytes                        0x080003b1   Thumb Code     0  rt_memcpy_v6.o(.text)
    __aeabi_memcpy4                          0x080003d5   Thumb Code     0  rt_memcpy_w.o(.text)
    __aeabi_memcpy8                          0x080003d5   Thumb Code     0  rt_memcpy_w.o(.text)
    __rt_memcpy_w                            0x080003d5   Thumb Code   100  rt_memcpy_w.o(.text)
    _memcpy_lastbytes_aligned                0x0800041d   Thumb Code     0  rt_memcpy_w.o(.text)
    __aeabi_memclr4                          0x08000439   Thumb Code     0  rt_memclr_w.o(.text)
    __aeabi_memclr8                          0x08000439   Thumb Code     0  rt_memclr_w.o(.text)
    __rt_memclr_w                            0x08000439   Thumb Code    78  rt_memclr_w.o(.text)
    _memset_w                                0x0800043d   Thumb Code     0  rt_memclr_w.o(.text)
    __use_two_region_memory                  0x08000487   Thumb Code     2  heapauxi.o(.text)
    __rt_heap_escrow$2region                 0x08000489   Thumb Code     2  heapauxi.o(.text)
    __rt_heap_expand$2region                 0x0800048b   Thumb Code     2  heapauxi.o(.text)
    _printf_int_common                       0x0800048d   Thumb Code   178  _printf_intcommon.o(.text)
    _printf_char_common                      0x0800054b   Thumb Code    32  _printf_char_common.o(.text)
    _sputc                                   0x08000571   Thumb Code    10  _sputc.o(.text)
    _snputc                                  0x0800057b   Thumb Code    16  _snputc.o(.text)
    __user_setup_stackheap                   0x0800058b   Thumb Code    74  sys_stackheap_outer.o(.text)
    exit                                     0x080005d5   Thumb Code    18  exit.o(.text)
    __user_libspace                          0x080005e9   Thumb Code     8  libspace.o(.text)
    __user_perproc_libspace                  0x080005e9   Thumb Code     0  libspace.o(.text)
    __user_perthread_libspace                0x080005e9   Thumb Code     0  libspace.o(.text)
    _sys_exit                                0x080005f1   Thumb Code     8  sys_exit.o(.text)
    __I$use$semihosting                      0x080005fd   Thumb Code     0  use_no_semi.o(.text)
    __use_no_semihosting_swi                 0x080005fd   Thumb Code     2  use_no_semi.o(.text)
    __semihosting_library_function           0x080005ff   Thumb Code     0  indicate_semi.o(.text)
    Bootloader_CalculateCRC32                0x08000601   Thumb Code    40  bootloader.o(i.Bootloader_CalculateCRC32)
    Bootloader_CheckAppValid                 0x0800062d   Thumb Code    44  bootloader.o(i.Bootloader_CheckAppValid)
    Bootloader_CheckUpdateFlag               0x08000669   Thumb Code    18  bootloader.o(i.Bootloader_CheckUpdateFlag)
    Bootloader_ClearUpdateFlag               0x08000685   Thumb Code    40  bootloader.o(i.Bootloader_ClearUpdateFlag)
    Bootloader_CompareVersion                0x080006b1   Thumb Code   146  bootloader.o(i.Bootloader_CompareVersion)
    Bootloader_Flash_Erase                   0x08000745   Thumb Code   118  bootloader.o(i.Bootloader_Flash_Erase)
    Bootloader_Flash_Read                    0x080007c5   Thumb Code    44  bootloader.o(i.Bootloader_Flash_Read)
    Bootloader_Flash_Write                   0x080007f5   Thumb Code   214  bootloader.o(i.Bootloader_Flash_Write)
    Bootloader_GetAppCRC32                   0x080008d5   Thumb Code    40  bootloader.o(i.Bootloader_GetAppCRC32)
    Bootloader_GetInfo                       0x08000909   Thumb Code    46  bootloader.o(i.Bootloader_GetInfo)
    Bootloader_Init                          0x08000949   Thumb Code     8  bootloader.o(i.Bootloader_Init)
    Bootloader_IsAppVersionValid             0x08000955   Thumb Code    18  bootloader.o(i.Bootloader_IsAppVersionValid)
    Bootloader_JumpToApp                     0x08000971   Thumb Code    82  bootloader.o(i.Bootloader_JumpToApp)
    Bootloader_ReadAppVersion                0x080009d5   Thumb Code    38  bootloader.o(i.Bootloader_ReadAppVersion)
    Bootloader_SaveAppVersion                0x08000a05   Thumb Code   156  bootloader.o(i.Bootloader_SaveAppVersion)
    Bootloader_SetUpdateFlag                 0x08000aa9   Thumb Code    26  bootloader.o(i.Bootloader_SetUpdateFlag)
    Bootloader_UART_Init                     0x08000acd   Thumb Code     6  bootloader_uart.o(i.Bootloader_UART_Init)
    Bootloader_UART_Process                  0x08000ad9   Thumb Code   558  bootloader_uart.o(i.Bootloader_UART_Process)
    Bootloader_UART_SendString               0x08000d11   Thumb Code    38  bootloader_uart.o(i.Bootloader_UART_SendString)
    BusFault_Handler                         0x08000d3d   Thumb Code     4  stm32f1xx_it.o(i.BusFault_Handler)
    DebugMon_Handler                         0x08000dc1   Thumb Code     2  stm32f1xx_it.o(i.DebugMon_Handler)
    Error_Handler                            0x08000dc3   Thumb Code     6  main.o(i.Error_Handler)
    FLASH_PageErase                          0x08000df1   Thumb Code    32  stm32f1xx_hal_flash_ex.o(i.FLASH_PageErase)
    FLASH_WaitForLastOperation               0x08000ebd   Thumb Code   106  stm32f1xx_hal_flash.o(i.FLASH_WaitForLastOperation)
    HAL_DeInit                               0x08000f39   Thumb Code    30  stm32f1xx_hal.o(i.HAL_DeInit)
    HAL_Delay                                0x08000f5d   Thumb Code    36  stm32f1xx_hal.o(i.HAL_Delay)
    HAL_FLASHEx_Erase                        0x08000f85   Thumb Code   168  stm32f1xx_hal_flash_ex.o(i.HAL_FLASHEx_Erase)
    HAL_FLASH_Lock                           0x08001035   Thumb Code    16  stm32f1xx_hal_flash.o(i.HAL_FLASH_Lock)
    HAL_FLASH_Program                        0x08001049   Thumb Code   168  stm32f1xx_hal_flash.o(i.HAL_FLASH_Program)
    HAL_FLASH_Unlock                         0x080010f9   Thumb Code    36  stm32f1xx_hal_flash.o(i.HAL_FLASH_Unlock)
    HAL_GPIO_Init                            0x08001129   Thumb Code   766  stm32f1xx_hal_gpio.o(i.HAL_GPIO_Init)
    HAL_GetTick                              0x08001449   Thumb Code     6  stm32f1xx_hal.o(i.HAL_GetTick)
    HAL_IncTick                              0x08001455   Thumb Code    16  stm32f1xx_hal.o(i.HAL_IncTick)
    HAL_Init                                 0x0800146d   Thumb Code    34  stm32f1xx_hal.o(i.HAL_Init)
    HAL_InitTick                             0x08001495   Thumb Code    64  stm32f1xx_hal.o(i.HAL_InitTick)
    HAL_MspDeInit                            0x080014e1   Thumb Code     2  stm32f1xx_hal.o(i.HAL_MspDeInit)
    HAL_MspInit                              0x080014e5   Thumb Code    76  stm32f1xx_hal_msp.o(i.HAL_MspInit)
    HAL_NVIC_SetPriority                     0x08001539   Thumb Code   124  stm32f1xx_hal_cortex.o(i.HAL_NVIC_SetPriority)
    HAL_NVIC_SetPriorityGrouping             0x080015b5   Thumb Code    32  stm32f1xx_hal_cortex.o(i.HAL_NVIC_SetPriorityGrouping)
    HAL_RCC_ClockConfig                      0x080015dd   Thumb Code   376  stm32f1xx_hal_rcc.o(i.HAL_RCC_ClockConfig)
    HAL_RCC_GetHCLKFreq                      0x08001769   Thumb Code     6  stm32f1xx_hal_rcc.o(i.HAL_RCC_GetHCLKFreq)
    HAL_RCC_GetPCLK1Freq                     0x08001775   Thumb Code    22  stm32f1xx_hal_rcc.o(i.HAL_RCC_GetPCLK1Freq)
    HAL_RCC_GetPCLK2Freq                     0x08001795   Thumb Code    22  stm32f1xx_hal_rcc.o(i.HAL_RCC_GetPCLK2Freq)
    HAL_RCC_GetSysClockFreq                  0x080017b5   Thumb Code    92  stm32f1xx_hal_rcc.o(i.HAL_RCC_GetSysClockFreq)
    HAL_RCC_OscConfig                        0x08001825   Thumb Code  1114  stm32f1xx_hal_rcc.o(i.HAL_RCC_OscConfig)
    HAL_SYSTICK_Config                       0x08001c89   Thumb Code    52  stm32f1xx_hal_cortex.o(i.HAL_SYSTICK_Config)
    HAL_UART_Init                            0x08001cbd   Thumb Code   118  stm32f1xx_hal_uart.o(i.HAL_UART_Init)
    HAL_UART_MspInit                         0x08001d35   Thumb Code   122  usart.o(i.HAL_UART_MspInit)
    HAL_UART_Receive                         0x08001dbd   Thumb Code   194  stm32f1xx_hal_uart.o(i.HAL_UART_Receive)
    HAL_UART_Transmit                        0x08001e7f   Thumb Code   190  stm32f1xx_hal_uart.o(i.HAL_UART_Transmit)
    HardFault_Handler                        0x08001f3d   Thumb Code     4  stm32f1xx_it.o(i.HardFault_Handler)
    IAP_EndUpdate                            0x08001f41   Thumb Code    26  bootloader.o(i.IAP_EndUpdate)
    IAP_StartUpdate                          0x08001f61   Thumb Code    34  bootloader.o(i.IAP_StartUpdate)
    IAP_VerifyApp                            0x08001f8d   Thumb Code    22  bootloader.o(i.IAP_VerifyApp)
    IAP_WriteData                            0x08001fa5   Thumb Code    30  bootloader.o(i.IAP_WriteData)
    MX_GPIO_Init                             0x08001fc9   Thumb Code    58  gpio.o(i.MX_GPIO_Init)
    MX_USART1_UART_Init                      0x08002009   Thumb Code    46  usart.o(i.MX_USART1_UART_Init)
    MemManage_Handler                        0x08002041   Thumb Code     4  stm32f1xx_it.o(i.MemManage_Handler)
    NMI_Handler                              0x08002045   Thumb Code     4  stm32f1xx_it.o(i.NMI_Handler)
    PendSV_Handler                           0x08002049   Thumb Code     2  stm32f1xx_it.o(i.PendSV_Handler)
    SVC_Handler                              0x0800215d   Thumb Code     2  stm32f1xx_it.o(i.SVC_Handler)
    SysTick_Handler                          0x08002225   Thumb Code     8  stm32f1xx_it.o(i.SysTick_Handler)
    SystemClock_Config                       0x0800222d   Thumb Code   102  main.o(i.SystemClock_Config)
    SystemInit                               0x08002293   Thumb Code     2  system_stm32f1xx.o(i.SystemInit)
    UsageFault_Handler                       0x08002489   Thumb Code     4  stm32f1xx_it.o(i.UsageFault_Handler)
    main                                     0x08002505   Thumb Code   492  main.o(i.main)
    AHBPrescTable                            0x0800294a   Data          16  system_stm32f1xx.o(.constdata)
    APBPrescTable                            0x0800295a   Data           8  system_stm32f1xx.o(.constdata)
    Region$$Table$$Base                      0x08002da8   Number         0  anon$$obj.o(Region$$Table)
    Region$$Table$$Limit                     0x08002dc8   Number         0  anon$$obj.o(Region$$Table)
    enter_iap                                0x20000000   Data           1  main.o(.data)
    uwTick                                   0x20000008   Data           4  stm32f1xx_hal.o(.data)
    uwTickPrio                               0x2000000c   Data           4  stm32f1xx_hal.o(.data)
    uwTickFreq                               0x20000010   Data           1  stm32f1xx_hal.o(.data)
    SystemCoreClock                          0x20000014   Data           4  system_stm32f1xx.o(.data)
    huart1                                   0x20000020   Data          72  usart.o(.bss)
    pFlash                                   0x20000068   Data          32  stm32f1xx_hal_flash.o(.bss)
    __libspace_start                         0x20000898   Data          96  libspace.o(.bss)
    __temporary_stack_top$libspace           0x200008f8   Data           0  libspace.o(.bss)



==============================================================================

Memory Map of the image

  Image Entry point : 0x080000ed

  Load Region LR_IROM1 (Base: 0x08000000, Size: 0x00002de8, Max: 0x00004000, ABSOLUTE)

    Execution Region ER_IROM1 (Exec base: 0x08000000, Load base: 0x08000000, Size: 0x00002dc8, Max: 0x00004000, ABSOLUTE)

    Exec Addr    Load Addr    Size         Type   Attr      Idx    E Section Name        Object

    0x08000000   0x08000000   0x000000ec   Data   RO            3    RESET               startup_stm32f103xb.o
    0x080000ec   0x080000ec   0x00000008   Code   RO         2495  * !!!main             c_w.l(__main.o)
    0x080000f4   0x080000f4   0x00000034   Code   RO         2663    !!!scatter          c_w.l(__scatter.o)
    0x08000128   0x08000128   0x0000001a   Code   RO         2665    !!handler_copy      c_w.l(__scatter_copy.o)
    0x08000142   0x08000142   0x00000002   PAD
    0x08000144   0x08000144   0x0000001c   Code   RO         2667    !!handler_zi        c_w.l(__scatter_zi.o)
    0x08000160   0x08000160   0x00000000   Code   RO         2484    .ARM.Collect$$_printf_percent$$00000000  c_w.l(_printf_percent.o)
    0x08000160   0x08000160   0x00000006   Code   RO         2483    .ARM.Collect$$_printf_percent$$00000009  c_w.l(_printf_d.o)
    0x08000166   0x08000166   0x00000004   Code   RO         2506    .ARM.Collect$$_printf_percent$$00000017  c_w.l(_printf_percent_end.o)
    0x0800016a   0x0800016a   0x00000002   Code   RO         2533    .ARM.Collect$$libinit$$00000000  c_w.l(libinit.o)
    0x0800016c   0x0800016c   0x00000000   Code   RO         2540    .ARM.Collect$$libinit$$00000002  c_w.l(libinit2.o)
    0x0800016c   0x0800016c   0x00000000   Code   RO         2542    .ARM.Collect$$libinit$$00000004  c_w.l(libinit2.o)
    0x0800016c   0x0800016c   0x00000000   Code   RO         2545    .ARM.Collect$$libinit$$0000000A  c_w.l(libinit2.o)
    0x0800016c   0x0800016c   0x00000000   Code   RO         2547    .ARM.Collect$$libinit$$0000000C  c_w.l(libinit2.o)
    0x0800016c   0x0800016c   0x00000000   Code   RO         2549    .ARM.Collect$$libinit$$0000000E  c_w.l(libinit2.o)
    0x0800016c   0x0800016c   0x00000000   Code   RO         2552    .ARM.Collect$$libinit$$00000011  c_w.l(libinit2.o)
    0x0800016c   0x0800016c   0x00000000   Code   RO         2554    .ARM.Collect$$libinit$$00000013  c_w.l(libinit2.o)
    0x0800016c   0x0800016c   0x00000000   Code   RO         2556    .ARM.Collect$$libinit$$00000015  c_w.l(libinit2.o)
    0x0800016c   0x0800016c   0x00000000   Code   RO         2558    .ARM.Collect$$libinit$$00000017  c_w.l(libinit2.o)
    0x0800016c   0x0800016c   0x00000000   Code   RO         2560    .ARM.Collect$$libinit$$00000019  c_w.l(libinit2.o)
    0x0800016c   0x0800016c   0x00000000   Code   RO         2562    .ARM.Collect$$libinit$$0000001B  c_w.l(libinit2.o)
    0x0800016c   0x0800016c   0x00000000   Code   RO         2564    .ARM.Collect$$libinit$$0000001D  c_w.l(libinit2.o)
    0x0800016c   0x0800016c   0x00000000   Code   RO         2566    .ARM.Collect$$libinit$$0000001F  c_w.l(libinit2.o)
    0x0800016c   0x0800016c   0x00000000   Code   RO         2568    .ARM.Collect$$libinit$$00000021  c_w.l(libinit2.o)
    0x0800016c   0x0800016c   0x00000000   Code   RO         2570    .ARM.Collect$$libinit$$00000023  c_w.l(libinit2.o)
    0x0800016c   0x0800016c   0x00000000   Code   RO         2572    .ARM.Collect$$libinit$$00000025  c_w.l(libinit2.o)
    0x0800016c   0x0800016c   0x00000000   Code   RO         2576    .ARM.Collect$$libinit$$0000002C  c_w.l(libinit2.o)
    0x0800016c   0x0800016c   0x00000000   Code   RO         2578    .ARM.Collect$$libinit$$0000002E  c_w.l(libinit2.o)
    0x0800016c   0x0800016c   0x00000000   Code   RO         2580    .ARM.Collect$$libinit$$00000030  c_w.l(libinit2.o)
    0x0800016c   0x0800016c   0x00000000   Code   RO         2582    .ARM.Collect$$libinit$$00000032  c_w.l(libinit2.o)
    0x0800016c   0x0800016c   0x00000002   Code   RO         2583    .ARM.Collect$$libinit$$00000033  c_w.l(libinit2.o)
    0x0800016e   0x0800016e   0x00000002   Code   RO         2603    .ARM.Collect$$libshutdown$$00000000  c_w.l(libshutdown.o)
    0x08000170   0x08000170   0x00000000   Code   RO         2616    .ARM.Collect$$libshutdown$$00000002  c_w.l(libshutdown2.o)
    0x08000170   0x08000170   0x00000000   Code   RO         2618    .ARM.Collect$$libshutdown$$00000004  c_w.l(libshutdown2.o)
    0x08000170   0x08000170   0x00000000   Code   RO         2621    .ARM.Collect$$libshutdown$$00000007  c_w.l(libshutdown2.o)
    0x08000170   0x08000170   0x00000000   Code   RO         2624    .ARM.Collect$$libshutdown$$0000000A  c_w.l(libshutdown2.o)
    0x08000170   0x08000170   0x00000000   Code   RO         2626    .ARM.Collect$$libshutdown$$0000000C  c_w.l(libshutdown2.o)
    0x08000170   0x08000170   0x00000000   Code   RO         2629    .ARM.Collect$$libshutdown$$0000000F  c_w.l(libshutdown2.o)
    0x08000170   0x08000170   0x00000002   Code   RO         2630    .ARM.Collect$$libshutdown$$00000010  c_w.l(libshutdown2.o)
    0x08000172   0x08000172   0x00000000   Code   RO         2497    .ARM.Collect$$rtentry$$00000000  c_w.l(__rtentry.o)
    0x08000172   0x08000172   0x00000000   Code   RO         2508    .ARM.Collect$$rtentry$$00000002  c_w.l(__rtentry2.o)
    0x08000172   0x08000172   0x00000006   Code   RO         2520    .ARM.Collect$$rtentry$$00000004  c_w.l(__rtentry4.o)
    0x08000178   0x08000178   0x00000000   Code   RO         2510    .ARM.Collect$$rtentry$$00000009  c_w.l(__rtentry2.o)
    0x08000178   0x08000178   0x00000004   Code   RO         2511    .ARM.Collect$$rtentry$$0000000A  c_w.l(__rtentry2.o)
    0x0800017c   0x0800017c   0x00000000   Code   RO         2513    .ARM.Collect$$rtentry$$0000000C  c_w.l(__rtentry2.o)
    0x0800017c   0x0800017c   0x00000008   Code   RO         2514    .ARM.Collect$$rtentry$$0000000D  c_w.l(__rtentry2.o)
    0x08000184   0x08000184   0x00000002   Code   RO         2537    .ARM.Collect$$rtexit$$00000000  c_w.l(rtexit.o)
    0x08000186   0x08000186   0x00000000   Code   RO         2585    .ARM.Collect$$rtexit$$00000002  c_w.l(rtexit2.o)
    0x08000186   0x08000186   0x00000004   Code   RO         2586    .ARM.Collect$$rtexit$$00000003  c_w.l(rtexit2.o)
    0x0800018a   0x0800018a   0x00000006   Code   RO         2587    .ARM.Collect$$rtexit$$00000004  c_w.l(rtexit2.o)
    0x08000190   0x08000190   0x00000040   Code   RO            4    .text               startup_stm32f103xb.o
    0x080001d0   0x080001d0   0x00000026   Code   RO         2453    .text               c_w.l(llushr.o)
    0x080001f6   0x080001f6   0x00000002   PAD
    0x080001f8   0x080001f8   0x00000034   Code   RO         2457    .text               c_w.l(noretval__2snprintf.o)
    0x0800022c   0x0800022c   0x00000068   Code   RO         2459    .text               c_w.l(__printf.o)
    0x08000294   0x08000294   0x00000078   Code   RO         2461    .text               c_w.l(_printf_dec.o)
    0x0800030c   0x0800030c   0x0000003e   Code   RO         2485    .text               c_w.l(strlen.o)
    0x0800034a   0x0800034a   0x0000008a   Code   RO         2487    .text               c_w.l(rt_memcpy_v6.o)
    0x080003d4   0x080003d4   0x00000064   Code   RO         2489    .text               c_w.l(rt_memcpy_w.o)
    0x08000438   0x08000438   0x0000004e   Code   RO         2491    .text               c_w.l(rt_memclr_w.o)
    0x08000486   0x08000486   0x00000006   Code   RO         2493    .text               c_w.l(heapauxi.o)
    0x0800048c   0x0800048c   0x000000b2   Code   RO         2498    .text               c_w.l(_printf_intcommon.o)
    0x0800053e   0x0800053e   0x00000002   PAD
    0x08000540   0x08000540   0x00000030   Code   RO         2500    .text               c_w.l(_printf_char_common.o)
    0x08000570   0x08000570   0x0000000a   Code   RO         2502    .text               c_w.l(_sputc.o)
    0x0800057a   0x0800057a   0x00000010   Code   RO         2504    .text               c_w.l(_snputc.o)
    0x0800058a   0x0800058a   0x0000004a   Code   RO         2524    .text               c_w.l(sys_stackheap_outer.o)
    0x080005d4   0x080005d4   0x00000012   Code   RO         2526    .text               c_w.l(exit.o)
    0x080005e6   0x080005e6   0x00000002   PAD
    0x080005e8   0x080005e8   0x00000008   Code   RO         2534    .text               c_w.l(libspace.o)
    0x080005f0   0x080005f0   0x0000000c   Code   RO         2595    .text               c_w.l(sys_exit.o)
    0x080005fc   0x080005fc   0x00000002   Code   RO         2606    .text               c_w.l(use_no_semi.o)
    0x080005fe   0x080005fe   0x00000000   Code   RO         2608    .text               c_w.l(indicate_semi.o)
    0x080005fe   0x080005fe   0x00000002   PAD
    0x08000600   0x08000600   0x0000002c   Code   RO         1810    i.Bootloader_CalculateCRC32  bootloader.o
    0x0800062c   0x0800062c   0x0000003c   Code   RO         1811    i.Bootloader_CheckAppValid  bootloader.o
    0x08000668   0x08000668   0x0000001c   Code   RO         1812    i.Bootloader_CheckUpdateFlag  bootloader.o
    0x08000684   0x08000684   0x0000002c   Code   RO         1813    i.Bootloader_ClearUpdateFlag  bootloader.o
    0x080006b0   0x080006b0   0x00000092   Code   RO         1814    i.Bootloader_CompareVersion  bootloader.o
    0x08000742   0x08000742   0x00000002   PAD
    0x08000744   0x08000744   0x00000080   Code   RO         1817    i.Bootloader_Flash_Erase  bootloader.o
    0x080007c4   0x080007c4   0x00000030   Code   RO         1818    i.Bootloader_Flash_Read  bootloader.o
    0x080007f4   0x080007f4   0x000000e0   Code   RO         1819    i.Bootloader_Flash_Write  bootloader.o
    0x080008d4   0x080008d4   0x00000034   Code   RO         1820    i.Bootloader_GetAppCRC32  bootloader.o
    0x08000908   0x08000908   0x00000040   Code   RO         1821    i.Bootloader_GetInfo  bootloader.o
    0x08000948   0x08000948   0x0000000c   Code   RO         1823    i.Bootloader_Init   bootloader.o
    0x08000954   0x08000954   0x0000001c   Code   RO         1824    i.Bootloader_IsAppVersionValid  bootloader.o
    0x08000970   0x08000970   0x00000064   Code   RO         1825    i.Bootloader_JumpToApp  bootloader.o
    0x080009d4   0x080009d4   0x00000030   Code   RO         1826    i.Bootloader_ReadAppVersion  bootloader.o
    0x08000a04   0x08000a04   0x000000a4   Code   RO         1828    i.Bootloader_SaveAppVersion  bootloader.o
    0x08000aa8   0x08000aa8   0x00000024   Code   RO         1829    i.Bootloader_SetUpdateFlag  bootloader.o
    0x08000acc   0x08000acc   0x0000000c   Code   RO         1992    i.Bootloader_UART_Init  bootloader_uart.o
    0x08000ad8   0x08000ad8   0x00000238   Code   RO         1993    i.Bootloader_UART_Process  bootloader_uart.o
    0x08000d10   0x08000d10   0x0000002c   Code   RO         1994    i.Bootloader_UART_SendString  bootloader_uart.o
    0x08000d3c   0x08000d3c   0x00000004   Code   RO          221    i.BusFault_Handler  stm32f1xx_it.o
    0x08000d40   0x08000d40   0x00000080   Code   RO         1995    i.CalculatePacketCRC  bootloader_uart.o
    0x08000dc0   0x08000dc0   0x00000002   Code   RO          222    i.DebugMon_Handler  stm32f1xx_it.o
    0x08000dc2   0x08000dc2   0x00000006   Code   RO           13    i.Error_Handler     main.o
    0x08000dc8   0x08000dc8   0x00000028   Code   RO         1595    i.FLASH_MassErase   stm32f1xx_hal_flash_ex.o
    0x08000df0   0x08000df0   0x00000028   Code   RO         1604    i.FLASH_PageErase   stm32f1xx_hal_flash_ex.o
    0x08000e18   0x08000e18   0x00000020   Code   RO         1492    i.FLASH_Program_HalfWord  stm32f1xx_hal_flash.o
    0x08000e38   0x08000e38   0x00000084   Code   RO         1493    i.FLASH_SetErrorCode  stm32f1xx_hal_flash.o
    0x08000ebc   0x08000ebc   0x00000070   Code   RO         1494    i.FLASH_WaitForLastOperation  stm32f1xx_hal_flash.o
    0x08000f2c   0x08000f2c   0x0000000a   Code   RO         1831    i.GetFlashPage      bootloader.o
    0x08000f36   0x08000f36   0x00000002   PAD
    0x08000f38   0x08000f38   0x00000024   Code   RO          771    i.HAL_DeInit        stm32f1xx_hal.o
    0x08000f5c   0x08000f5c   0x00000028   Code   RO          772    i.HAL_Delay         stm32f1xx_hal.o
    0x08000f84   0x08000f84   0x000000b0   Code   RO         1605    i.HAL_FLASHEx_Erase  stm32f1xx_hal_flash_ex.o
    0x08001034   0x08001034   0x00000014   Code   RO         1498    i.HAL_FLASH_Lock    stm32f1xx_hal_flash.o
    0x08001048   0x08001048   0x000000b0   Code   RO         1503    i.HAL_FLASH_Program  stm32f1xx_hal_flash.o
    0x080010f8   0x080010f8   0x00000030   Code   RO         1505    i.HAL_FLASH_Unlock  stm32f1xx_hal_flash.o
    0x08001128   0x08001128   0x00000320   Code   RO         1087    i.HAL_GPIO_Init     stm32f1xx_hal_gpio.o
    0x08001448   0x08001448   0x0000000c   Code   RO          776    i.HAL_GetTick       stm32f1xx_hal.o
    0x08001454   0x08001454   0x00000018   Code   RO          782    i.HAL_IncTick       stm32f1xx_hal.o
    0x0800146c   0x0800146c   0x00000028   Code   RO          783    i.HAL_Init          stm32f1xx_hal.o
    0x08001494   0x08001494   0x0000004c   Code   RO          784    i.HAL_InitTick      stm32f1xx_hal.o
    0x080014e0   0x080014e0   0x00000002   Code   RO          785    i.HAL_MspDeInit     stm32f1xx_hal.o
    0x080014e2   0x080014e2   0x00000002   PAD
    0x080014e4   0x080014e4   0x00000054   Code   RO          296    i.HAL_MspInit       stm32f1xx_hal_msp.o
    0x08001538   0x08001538   0x0000007c   Code   RO         1253    i.HAL_NVIC_SetPriority  stm32f1xx_hal_cortex.o
    0x080015b4   0x080015b4   0x00000028   Code   RO         1254    i.HAL_NVIC_SetPriorityGrouping  stm32f1xx_hal_cortex.o
    0x080015dc   0x080015dc   0x0000018c   Code   RO          940    i.HAL_RCC_ClockConfig  stm32f1xx_hal_rcc.o
    0x08001768   0x08001768   0x0000000c   Code   RO          945    i.HAL_RCC_GetHCLKFreq  stm32f1xx_hal_rcc.o
    0x08001774   0x08001774   0x00000020   Code   RO          947    i.HAL_RCC_GetPCLK1Freq  stm32f1xx_hal_rcc.o
    0x08001794   0x08001794   0x00000020   Code   RO          948    i.HAL_RCC_GetPCLK2Freq  stm32f1xx_hal_rcc.o
    0x080017b4   0x080017b4   0x00000070   Code   RO          949    i.HAL_RCC_GetSysClockFreq  stm32f1xx_hal_rcc.o
    0x08001824   0x08001824   0x00000464   Code   RO          952    i.HAL_RCC_OscConfig  stm32f1xx_hal_rcc.o
    0x08001c88   0x08001c88   0x00000034   Code   RO         1258    i.HAL_SYSTICK_Config  stm32f1xx_hal_cortex.o
    0x08001cbc   0x08001cbc   0x00000076   Code   RO          422    i.HAL_UART_Init     stm32f1xx_hal_uart.o
    0x08001d32   0x08001d32   0x00000002   PAD
    0x08001d34   0x08001d34   0x00000088   Code   RO          180    i.HAL_UART_MspInit  usart.o
    0x08001dbc   0x08001dbc   0x000000c2   Code   RO          425    i.HAL_UART_Receive  stm32f1xx_hal_uart.o
    0x08001e7e   0x08001e7e   0x000000be   Code   RO          430    i.HAL_UART_Transmit  stm32f1xx_hal_uart.o
    0x08001f3c   0x08001f3c   0x00000004   Code   RO          223    i.HardFault_Handler  stm32f1xx_it.o
    0x08001f40   0x08001f40   0x00000020   Code   RO         1832    i.IAP_EndUpdate     bootloader.o
    0x08001f60   0x08001f60   0x0000002c   Code   RO         1833    i.IAP_StartUpdate   bootloader.o
    0x08001f8c   0x08001f8c   0x00000016   Code   RO         1834    i.IAP_VerifyApp     bootloader.o
    0x08001fa2   0x08001fa2   0x00000002   PAD
    0x08001fa4   0x08001fa4   0x00000024   Code   RO         1835    i.IAP_WriteData     bootloader.o
    0x08001fc8   0x08001fc8   0x00000040   Code   RO          155    i.MX_GPIO_Init      gpio.o
    0x08002008   0x08002008   0x00000038   Code   RO          181    i.MX_USART1_UART_Init  usart.o
    0x08002040   0x08002040   0x00000004   Code   RO          224    i.MemManage_Handler  stm32f1xx_it.o
    0x08002044   0x08002044   0x00000004   Code   RO          225    i.NMI_Handler       stm32f1xx_it.o
    0x08002048   0x08002048   0x00000002   Code   RO          226    i.PendSV_Handler    stm32f1xx_it.o
    0x0800204a   0x0800204a   0x00000002   PAD
    0x0800204c   0x0800204c   0x00000028   Code   RO          953    i.RCC_Delay         stm32f1xx_hal_rcc.o
    0x08002074   0x08002074   0x000000e8   Code   RO         1996    i.ReceivePacket     bootloader_uart.o
    0x0800215c   0x0800215c   0x00000002   Code   RO          227    i.SVC_Handler       stm32f1xx_it.o
    0x0800215e   0x0800215e   0x00000002   PAD
    0x08002160   0x08002160   0x000000c4   Code   RO         1997    i.SendResponse      bootloader_uart.o
    0x08002224   0x08002224   0x00000008   Code   RO          228    i.SysTick_Handler   stm32f1xx_it.o
    0x0800222c   0x0800222c   0x00000066   Code   RO           14    i.SystemClock_Config  main.o
    0x08002292   0x08002292   0x00000002   Code   RO         1774    i.SystemInit        system_stm32f1xx.o
    0x08002294   0x08002294   0x0000006c   Code   RO          445    i.UART_EndRxTransfer  stm32f1xx_hal_uart.o
    0x08002300   0x08002300   0x000000fc   Code   RO          449    i.UART_SetConfig    stm32f1xx_hal_uart.o
    0x080023fc   0x080023fc   0x0000008c   Code   RO          453    i.UART_WaitOnFlagUntilTimeout  stm32f1xx_hal_uart.o
    0x08002488   0x08002488   0x00000004   Code   RO          229    i.UsageFault_Handler  stm32f1xx_it.o
    0x0800248c   0x0800248c   0x00000010   Code   RO         1260    i.__NVIC_GetPriorityGrouping  stm32f1xx_hal_cortex.o
    0x0800249c   0x0800249c   0x00000028   Code   RO         1261    i.__NVIC_SetPriority  stm32f1xx_hal_cortex.o
    0x080024c4   0x080024c4   0x00000040   Code   RO         1998    i.__NVIC_SystemReset  bootloader_uart.o
    0x08002504   0x08002504   0x00000434   Code   RO           15    i.main              main.o
    0x08002938   0x08002938   0x00000012   Data   RO          954    .constdata          stm32f1xx_hal_rcc.o
    0x0800294a   0x0800294a   0x00000018   Data   RO         1775    .constdata          system_stm32f1xx.o
    0x08002962   0x08002962   0x00000002   PAD
    0x08002964   0x08002964   0x00000400   Data   RO         1836    .constdata          bootloader.o
    0x08002d64   0x08002d64   0x00000041   Data   RO           16    .conststring        main.o
    0x08002da5   0x08002da5   0x00000003   PAD
    0x08002da8   0x08002da8   0x00000020   Data   RO         2661    Region$$Table       anon$$obj.o


    Execution Region RW_IRAM1 (Exec base: 0x20000000, Load base: 0x08002dc8, Size: 0x00000ef8, Max: 0x00001000, ABSOLUTE)

    Exec Addr    Load Addr    Size         Type   Attr      Idx    E Section Name        Object

    0x20000000   0x08002dc8   0x00000008   Data   RW           17    .data               main.o
    0x20000008   0x08002dd0   0x00000009   Data   RW          790    .data               stm32f1xx_hal.o
    0x20000011   0x08002dd9   0x00000003   PAD
    0x20000014   0x08002ddc   0x00000004   Data   RW         1776    .data               system_stm32f1xx.o
    0x20000018   0x08002de0   0x00000001   Data   RW         1837    .data               bootloader.o
    0x20000019   0x08002de1   0x00000003   PAD
    0x2000001c   0x08002de4   0x00000004   Data   RW         2000    .data               bootloader_uart.o
    0x20000020        -       0x00000048   Zero   RW          182    .bss                usart.o
    0x20000068        -       0x00000020   Zero   RW         1506    .bss                stm32f1xx_hal_flash.o
    0x20000088        -       0x00000810   Zero   RW         1999    .bss                bootloader_uart.o
    0x20000898        -       0x00000060   Zero   RW         2535    .bss                c_w.l(libspace.o)
    0x200008f8        -       0x00000200   Zero   RW            2    HEAP                startup_stm32f103xb.o
    0x20000af8        -       0x00000400   Zero   RW            1    STACK               startup_stm32f103xb.o


==============================================================================

Image component sizes


      Code (inc. data)   RO Data    RW Data    ZI Data      Debug   Object Name

      1370        170       1024          1          0      17638   bootloader.o
      1244         62          0          4       2064       7687   bootloader_uart.o
        64          6          0          0          0        751   gpio.o
      1184        584         65          8          0     405416   main.o
        64         26        236          0       1536        800   startup_stm32f103xb.o
       230         42          0          9          0       6782   stm32f1xx_hal.o
       272         22          0          0          0      28670   stm32f1xx_hal_cortex.o
       520         48          0          0         32       4074   stm32f1xx_hal_flash.o
       256         26          0          0          0       2503   stm32f1xx_hal_flash_ex.o
       800         34          0          0          0       2024   stm32f1xx_hal_gpio.o
        84          8          0          0          0        870   stm32f1xx_hal_msp.o
      1748         98         18          0          0       5868   stm32f1xx_hal_rcc.o
      1002          4          0          0          0       5323   stm32f1xx_hal_uart.o
        34          0          0          0          0       3806   stm32f1xx_it.o
         2          0         24          4          0       1083   system_stm32f1xx.o
       192         24          0          0         72       1606   usart.o

    ----------------------------------------------------------------------
      9080       1154       1404         32       3704     494901   Object Totals
         0          0         32          0          0          0   (incl. Generated)
        14          0          5          6          0          0   (incl. Padding)

    ----------------------------------------------------------------------

      Code (inc. data)   RO Data    RW Data    ZI Data      Debug   Library Member Name

         8          0          0          0          0         68   __main.o
       104          0          0          0          0         84   __printf.o
         0          0          0          0          0          0   __rtentry.o
        12          0          0          0          0          0   __rtentry2.o
         6          0          0          0          0          0   __rtentry4.o
        52          8          0          0          0          0   __scatter.o
        26          0          0          0          0          0   __scatter_copy.o
        28          0          0          0          0          0   __scatter_zi.o
        48          6          0          0          0         96   _printf_char_common.o
         6          0          0          0          0          0   _printf_d.o
       120         16          0          0          0         92   _printf_dec.o
       178          0          0          0          0         88   _printf_intcommon.o
         0          0          0          0          0          0   _printf_percent.o
         4          0          0          0          0          0   _printf_percent_end.o
        16          0          0          0          0         68   _snputc.o
        10          0          0          0          0         68   _sputc.o
        18          0          0          0          0         80   exit.o
         6          0          0          0          0        152   heapauxi.o
         0          0          0          0          0          0   indicate_semi.o
         2          0          0          0          0          0   libinit.o
         2          0          0          0          0          0   libinit2.o
         2          0          0          0          0          0   libshutdown.o
         2          0          0          0          0          0   libshutdown2.o
         8          4          0          0         96         68   libspace.o
        38          0          0          0          0         68   llushr.o
        52          4          0          0          0         84   noretval__2snprintf.o
        78          0          0          0          0         80   rt_memclr_w.o
       138          0          0          0          0         68   rt_memcpy_v6.o
       100          0          0          0          0         80   rt_memcpy_w.o
         2          0          0          0          0          0   rtexit.o
        10          0          0          0          0          0   rtexit2.o
        62          0          0          0          0         76   strlen.o
        12          4          0          0          0         68   sys_exit.o
        74          0          0          0          0         80   sys_stackheap_outer.o
         2          0          0          0          0         68   use_no_semi.o

    ----------------------------------------------------------------------
      1236         42          0          0         96       1536   Library Totals
        10          0          0          0          0          0   (incl. Padding)

    ----------------------------------------------------------------------

      Code (inc. data)   RO Data    RW Data    ZI Data      Debug   Library Name

      1226         42          0          0         96       1536   c_w.l

    ----------------------------------------------------------------------
      1236         42          0          0         96       1536   Library Totals

    ----------------------------------------------------------------------

==============================================================================


      Code (inc. data)   RO Data    RW Data    ZI Data      Debug   

     10316       1196       1404         32       3800     491805   Grand Totals
     10316       1196       1404         32       3800     491805   ELF Image Totals
     10316       1196       1404         32          0          0   ROM Totals

==============================================================================

    Total RO  Size (Code + RO Data)                11720 (  11.45kB)
    Total RW  Size (RW Data + ZI Data)              3832 (   3.74kB)
    Total ROM Size (Code + RO Data + RW Data)      11752 (  11.48kB)

==============================================================================

